za.abdelmajid@gmail.com:azerty*1956
isidro.figueiredo@gmail.com:mamamia127
juancarlos065@gmail.com:T12345wamparo
alan1a5@hotmail.com:Juvenil023
benjaminc64@gmail.com:Chauinsta123
oneshadoll@gmail.com:Bareeha@800
ullasrgowda07@gmail.com:Q2w1R3e4T6y
ramondemaria18@gmail.com:3479334580225458388371978
emmanuelaguilarte123@gmail.com:emmanuel.*33679427
desiremugisha1222@gmail.com:Desire@mugisha
astrid2114@outlook.com:2023biencabron
jarsson.fernandes@gmail.com:Returni#$_-1023
calachoconycur@gmail.com:qwerty1231
h4rdcore4_live@hotmail.com:1985mariano
olliejames@protonmail.com:oyvey7889
rayanner21.45@gmail.com:235798Ray
kevin.rojas.andrade@gmail.com:KevinAFK_-16-07-07
cristianrpk@gmail.com:Cristian95
alsarmalptaar@gmail.com:morymonty@12345
kuespy_@outlook.es:Ligf5WLD@-H3Bii
ngominhhungsylas2512004@gmail.com:Hung0908800340
sakline888@gmail.com:Saki73934300Saki
imaxqt@live.jp:45dQbhgZk2_hCCC
coleguillasdebarrio@gmail.com:soybeiroa10
tharushamapa2005@gmail.com:Tharu@1966
tharushamapa2005@gmail.com:Tharu@1966
abdullahvirk595@gmail.com:@lph@sigm@
ygilbenson@hotmail.com:Marcos2010*
abdullahvirk595@gmail.com:@lph@sigm@
ygilbenson@hotmail.com:Marcos2010*
ygilbenson@hotmail.com:Marcos2010*
alexito_will_30@hotmail.com:balauer456
alexito_will_30@hotmail.com:balauer456
ruhir.jamai.shuvo@gmail.com:Ruhi
mycomputertara@gmail.com:g?,8P5ffTQtd-f9
natygzrv1994@gmail.com:Naty73357780
rudson.rld@gmail.com:S2sargento18@
spencervercetti99@gmail.com:Ruphusvercetti509$
natanel.kalif1@gmail.com:netanel.kalif1505
yvantedongmo@gmail.com:Nguimdo2004
marlonjohnlopescorreia@gmail.com:marlonD2@
francobengochea51@gmail.com:-=m2<Z3vM;?Cu<(
samishow0528@gmail.com:Ad940528
mkaankaragoz@hotmail.com:Pentree_40
felipe6reis@gmail.com:Spore2003
jflores.zurita@outlook.com:9W*wry4g@M.x$hj
sdprodetailing@gmail.com:S1D2boss2024!
nordforsdanny@gmail.com:Pandoras
impresionessanjorge@outlook.es:2089*Seo
francobengochea51@gmail.com:-=m2<Z3vM;?Cu<(
lean_nicolas@hotmail.com:leandronicolas35535982
kevinpavet45@hotmail.com:rosarioputa2013
mycomputertara@gmail.com:g?,8P5ffTQtd-f9
d.sungilkim@gmail.com:Softsusu@0514!
swakkhor7777@gmail.com:Swakkhor
ruhir.jamai.shuvo@gmail.com:Ruhi
kamazchety93@gmail.com:Umbrellabg93
snehbhai8@gmail.com:mite3659
imlevoficial@gmail.com:MrLeviid20090413
chinchunwai@yahoo.com:Chin5115
gamerofpak234@gmail.com:browajeeha26whatlol
astridjosuebcz14@gmail.com:Special@@04101988@@
astridjosuebcz14@gmail.com:Special@@04101988@@
jonathanjhonjhon50@gmail.com:jonathan123GJ!
pagomercado317@gmail.com:jhonjhon123GJ!
saleemakbarali999@gmail.com:[UNKNOWN
saleemakbarali999@gmail.com:[UNKNOWN
biaandradesilva123@gmail.com:julhinha123
7abib369@gmail.com:369Mah@fat
nyamweyajohn645@gmail.com:john@2004
adamisnotgood66@gmail.com:Adam@2011
willyanmaia1010@gmail.com:73195210maia+-
agustinprietocabezadehuevo@gmail.com:JyBdzK3XXpBrST8
kowaleskigustavo6@gmail.com:131297gu
caoyiwei1989@163.com:mac856856856
n.tiarabumi@gmail.com:ntbumi01
ahadrja697@gmail.com:ahad99??
healthcare.lak@gmail.com:laktechne@6789
smanriquevelasquez@gmail.com:1087999389ss
noumanomi296@gmail.com:Nouman.2000.
biozwow2@gmail.com:bioz0904141612
josiasjostinonofre@gmail.com:992033913XD
johanromeronina@gmail.com:96388012272321296a@!
rafayafzaalh@gmail.com:Srafayafzaal12237
sayhellotomylittlefriend725@gmail.com:chrisrios725
christianelison20@gmail.com:KingKartier21
nikunjsharma85398@gmail.com:Ilaptop1504!
riptoriyama@gmail.com:Zaquawn23
hugo.arguelles.diaz@gmail.com:Hag600834606.
welll.surfer@gmail.com:boston22
tsuyurikanao2182@gmail.com:cl@raa1
ftmarcellino@gmail.com:Zuan45609_
yormanblanco28@gmail.com:25587711
ohenon050609@gmail.com:OH052612
davidbarrosfreitas71@gmail.com:barrosfreitas10
r4geeagle48@gmail.com:(byprobj+12
carlosdaniel104.154.7@gmail.com:nuttertools
sk7starbiriyani@gmail.com:Online@321
loqmane4@gmail.com:Azerty@12
themudontholanaigos@gmail.com:ww41260787
mateorod201212@gmail.com:mateo12
sheikhabdulbasitwahab786@gmail.com:basitsheikhabdul7968
mijhailchavezespinoza@gmail.com:ramiz3112
caminne6@gmail.com:aether
ninguem93.57@gmail.com:te_amo_gabriela_pacheco
mariamariaauxiliadora61@gmail.com:pedrocaane2011@
benizhumberto@hotmail.com:H.bproducoes23
luanhenriquedesousa@outlook.com:Realrelikia1
flavio.santos234fe@gmail.com:jadefilha
lucas112898@outlook.com:45190124
senemnurdemirci@gmail.com:Senem9298
dalalamsb6@gmail.com:Ubefm1k7
carolina_ibarra_bartomeo@hotmail.com:31791447y
gtrsoroksar@gmail.com:GTRSorino1
alperenduzkaya@hotmail.com:L)?qv7EV{
Rattapondriod@gmail.com:Fex191x0
renanmoraisic@gmail.com:w2053tq50
rotemben100@gmail.com:rotemROTEM1234512345
jeremykrishna00@yahoo.com:Suryanath98470@$
josecarlos.grc09@gmail.com:Josecarlos09
juniorff9991@gmail.com:SHELEFEME
alexitouwu0808@gmail.com:gBt+X?7<k7z*.a+
vitalyaudit01@gmail.com:Cold_water25#
solitsolutionti@gmail.com:12482612
legendmemer4u4@gmail.com:Usama5863@
azer244@gmail.com:090807
Jallebw3@gmail.com:amir2004
patricio10002@gmail.com:soyelputoamo4
nicociuci@gmail.com:36868688
osascoespetinhos@gmail.com:mimi420
soportethundertown@gmail.com:23-ThunderNETown02.10+
amospestchemicals@gmail.com:Wartini84
glokeshguru111@gmail.com:123123Lokesh@
giorgio.mocanu@hotmail.it:nokia12341
sakline8.1999@gmail.com:Saki73934300
f.almonacid.neumann@gmail.com:gatosmalos63
tolabar21@gmail.com:lecusculacasca
nmjaja534@gmail.com:haza7667haza
publicopycc@gmail.com:Pelodecoco1603
eastfree0511@gmail.com:CG1623F3onecat5persons
nyamweyajohn645@gmail.com:john@2004
eastfree0511@gmail.com:CG1623F3onecat5persons
mustafanefise58@gmail.com:!10092008Mu@
vishnushanavas@gmail.com:vishnu13
daniyalgrindin2007@gmail.com:0555169502
rihan13kappattakath@gmail.com:Rihan@23sep2010
marcelomatheuscxz@hotmail.com:C@lofdut1
jeffersom.raphael@gmail.com:Jeff@250741
equiperedemendonca@outlook.com.br:12345678910miss
willyanmaia1010@gmail.com:73195210maia+-
tilin7948@gmail.com:asdas1
sebasrua2912@gmail.com:parcelol2912
joshsmediamarketing@gmail.com:@Kaspar35
dzikryashari87@gmail.com:dzikryashari8787
abhimanyuseth2008@gmail.com:Krishna@7810
abhimanyuseth2008@gmail.com:abhi@28
tiagoramosds2003@gmail.com:silvasilva13
datonethompson13@gmail.com:Kingdatone1
kamazchety93@gmail.com:Umbrellabg93
alejandrocumbal443@gmail.com:holaquehace
info@sixfinger.biz:sixfingerc900
sheikhabdulbasitwahab786@gmail.com:basitsheikhabdul7968
shahpathan331@gmail.com:mohibshah000
BASSEMISSLEM@GMAIL.COM:Ranim55@55
angelgarciaramo@hotmail.com:AGR*-$barrax#1966
pilotobt7274@gmail.com:alexis.@ning
gershom.nyanjui@gmail.com:kaka111
juanantoniocartaya@hotmail.com:lowcostwifi#&
sheikhabdulbasitwahab786@gmail.com:basitsheikhabdul7968
drkavint@gmail.com:kuttypaiyan@2008
d1a1vid1311@gmail.com:1324@1324
d1a1vid1311@gmail.com:1324@1324
okaamerch@gmail.com:Aymanootaku2016
okaamerch@gmail.com:Aymanootaku2016
Nyamka.kaa@gmail.com:A.RT!3d028
hashmis004@gmail.com:laiba1019
rahimomer2007@gmail.com:20sep2007
sastakitchen18@gmail.com:Mehzar321aA!
sd.riaddmani@gmail.com:#'-q~bkZ3bTb~Rx
sd.riaddmani@gmail.com:#'-q~bkZ3bTb~Rx
ilhamzanee@gmail.com:244466666
rsrobin1030@gmail.com:RS.RATUL
killokeb2@gmail.com:krkgjjtngtjgnrjrjrjrjrjrjrjrjjrjrjrjrjrjrjjrjrjrjrjrjjr
kaiomoreira3366@gmail.com:kaio2004
kaiomoreira3366@gmail.com:kaio2004
kaiomoreira3366@gmail.com:kaio2004
luffy6969zoro@gmail.com:aditya07326
damdan151@gmail.com:assq1234
sakline888@gmail.com:Saki73934300Saki
imaxqt@live.jp:45dQbhgZk2_hCCC
mattepro2019@gmail.com:BARCEDioXD12345
sirengames2022@gmail.com:Serena@2022
rodrigofrcs@hotmail.com:#3GZan315#
mhmtfrhtaydmr11@gmail.com:ferhat1011!$@%
marindeyvi23@gmail.com:soyelinvenciblemikey23
pk0611222@gmail.com:82542j
mouadhmeze64@gmail.com:Mo3adDz1444
boonkla41@gmail.com:Army196607731
saw7290@gmail.com:JuanDaniel1830Ã±
ken10574@gmail.com:kevim.onze1
kamazchety93@gmail.com:Umbrellabg93
deathvibes7810@outlook.com:KartikKumar
22032005jppo@gmail.com:Trabuco33
qwertycze.mc@gmail.com:Mat25112018.
strak.bruhxd@gmail.com:papucrk20
serbianoperator@outlook.com:BMWM4GTS!
juniorff9991@gmail.com:SHELEFEME
luisalemanzavala@gmail.com:28CURLYe
fatihnevarli@outlook.com:kfc21368429
dauxanhnuocdua96@gmail.com:donam@241208
lightarts22@hotmail.com:Liberta2015apple
rishmailkhan0308@gmail.com:malaika007
ekop0201@gmail.com:anjanarasjingga
nordforsdanny@gmail.com:Pandoras
codymistermr@gmail.com:20070708
carmenroca465@gmail.com:Notelodire
kabecilexangoaxe@gmail.com:Daltera@30
jeitofofo@gmail.com:Salmos375
mpoltronieri10@gmail.com:M@p23082010
tordzitorenjikk@gmail.com:1234489
osascoespetinhos@gmail.com:mimi420
lightarts22@hotmail.com:Liberta2015apple
jarsson.fernandes@gmail.com:Returni#$_-1023
joaovitirpereira1@gmail.com:joao22062005
alencarvictor98@gmail.com:mg88pd21vh29
pscarpa@hotmail.com:5fONEMw'"O%I_<eJbf6D2OUsE.Z/ul
aiemappames@gmail.com:madlastcriminalhealing
ericmarrentinhosantos@gmail.com:euamomamae2016
dvillad06@gmail.com:vector06..
mustafarazzaq580@gmail.com:XI-6x2Iez2zGfmX
mustafarazzaq580@gmail.com:XI-6x2Iez2zGfmX
diocarycheco@gmail.com:dios200919
simolmorgani@gmail.com:s!pew-b-34AhZe6
tatetyson790@gmail.com:Tate5151
villarrealleopoldo142@gmail.com:s0r4yit4
fritzbox2023@online.de:Instagram2023!
mariusschroepfer@web.de:Instagram2021!
viczin.demo@gmail.com:Hh132122
xoraprocwns@gmail.com:Junior2003Vaz
dwp.grafica@hotmail.com:mvbmodas
dwp.grafica@hotmail.com:06237182
rabiyousaf880u@gmail.com:rabi089005_123_
TUX1224@GMAIL.COM:tux1224!!??#
isierra95@gmail.com:Triana12042019sierra
cr3103250995@gmail.com:Crixtian29
belleviecoffeeperu@gmail.com:07061948
robinpanel7@gmail.com:1675497899
ofiequipos.creativo@gmail.com:Creativo01
arnaumolas@gmail.com:ee45446b.
joseantonio2009.diego@gmail.com:2727Febrero0909.
toolboxautomotriz@gmail.com:mostacho43
angel2507@outlook.com:miguels18
elttodopro123@gmail.com:XNeNqdY7@
fidale_98_virgo@hotmail.com:FIDELinsta*ori*9
kuyen.byul@gmail.com:A12b15C9
lockyg07@gmail.com:Yomi%100Real!-
rramos8147@gmail.com:@Rafaelo12007
onur1241fb@gmail.com:ezio123fb4177
andrewhallofmirrors@gmail.com:Ainsta01
lloyd1999@wp.pl:Lloyd2005
noahmney@gmail.com:ToastOnCheese1
boymanjay12@gmail.com:joshuabest1
joshmh2006@gmail.com:theofficialjoshie1!
pinfiverrpros@gmail.com:fiver@&@2R
alipiofox@gmail.com:Alipio120kill$
pedrohenriquedebrito546@gmail.com:10102010
abdulhayeearshad1@gmail.com:usaydoffice
psnnico131@gmail.com:101021.Nico23
rebeccavegaindigo@gmail.com:August2012!
surajsomas2007@gmail.com:Suraj2007!
surajsomas2007@gmail.com:Suraj2007!
qk87798@gmail.com:roromylove2
xdahmed2211@gmail.com:roroismyrealoveforsure
qaxyuwu@gmail.com:nekadavA6969-
wakamali@proton.me:Kiki$$word1
bellpata7@gmail.com:Giggino200gg
arjungupta80908090@gmail.com:Arjun12345*
hassanshahid0698@gmail.com:hassan69980011
theycallmehassan4@gmail.com:0300666280111
alanfloresromero11@gmail.com:AlanMeiker39
spotzfb19@gmail.com:Peyton10?
ngominhhungsylas2512004@gmail.com:Hung0908800340
nigma2889@gmail.com:saf10107
andihert.76@hotmail.com:Reyes1993
andihert.76@hotmail.com:Reyes1993
deryckvilla713@gmail.com:Deryckvilla2608@
oktmnbbf000001@hotmail.com:19800000As..
amine0642954063@gmail.com:amine2006AZ
pauliniorichard2@gmail.com:richardxxd123
m.shiraz5707@gmail.com:@5707malik
anuwatbird147@gmail.com:0903238913
betetortorelli@hotmail.com:b3T35817
hamzaergunbak@gmail.com:a11j05586
carlosdoyt2020@gmail.com:Xinglin0
carlosdoyt2020@gmail.com:Xinglin0
icwbiglietti@gmail.com:1kwh_3b00m
jorge.medina.gomeztw@gmail.com:Comehang1
mahmutgamer131@gmail.com:fdenffrnfgdrf.3131
Officialplacee@gmail.com:DyLaN_ReNkEmA12
mharjondbacalla1603@gmail.com:sYn2qfC?!5'8GmU
mharjondbacalla1603@gmail.com:S9UX&\Ek=D7bVE~
selomoptin@gmail.com:Discord90b@@@@
gtabrian81@gmail.com:gta5brian102123
erickdiazestrella@gmail.com:Micaeladabest1
arianrh84@gmail.com:Arian082406
jesielsonwf@gmail.com:Senha#30
leavitor819@gmail.com:amo1pizza
pixonic421@gmail.com:Flamengo37
rafatty345@gmail.com:1as23df4
corazonesunidostolosa@gmail.com:maletimon2022
corazonesunidostolosa@gmail.com:EMPTY
muhammadalwaleedyt@gmail.com:waleedkhaninsta
moviesalone6@gmail.com:ha5634
gugu.sena.correa@gmail.com:fggw3c9iz
affiliatefriendben@gmail.com:Sojjovip19
tepusell@gmail.com:Adeera13062019
ing.andahi@gmail.com:AndIng92Leviticus1992,,,
diosmediounmeil@hotmail.com:MoXo2208*
enmanuel130613@gmail.com:ERESUNICO15
neer19@gmail.com:à¸à¹2810057
Demiancolladopizarro@gmail.com:blanca123077
Demiancolladopizarro@gmail.com:blanca12307
pr4vdik@gmail.com:pravdikinstagram123
sibaprasadpanda56@gmail.com:2tufqwfigm
reymonelias1@gmail.com:reymonatr
xnitro85x@gmail.com:12312358zx
aniljadoo251993@gmail.com:A123#123#n
dlamlenze@gmail.com:Vic@12tor
tamiris_campos2007@yahoo.com.br:Mi07101978#
mathiaslamas2009@gmail.com:Titancito2023
Die6o6o69@gmail.com:Gato151miau!
paxciencia@yahoo.com.br:@Samucthasam0254
udosd44@gmail.com:esoo12341234
loxinol161@fahih.com:wereqwer
luiscisneros715@gmail.com:Todopormi160892
bruninbenetti@gmail.com:01328809Br#@
yormanblanco28@gmail.com:25587711
khisa084@gmail.com:halabjbap007
heartlesskid2k@gmail.com:fortnitegod
noschool1334@gmail.com:12091723@
ninacookiestore@gmail.com:Jesus.911
mami7503@libero.it:Poldoc@n32165498
germanberacochea321@gmail.com:germanberacochea20006
mauricejonas14@gmail.com:mauricejonas2002#
ethanchitaukire12@gmail.com:ogworld123
yavuz12emir12@gmail.com:Kaan_10688385672
dragonforeverizmir@gmail.com:instagraM2024izmir?.
kid3909941@gmail.com:asdf0409
dinaajana@outlook.fr:dina.a9000!
dinaajana@outlook.fr:dina.a9000!
carmenroca465@gmail.com:Notelodire
andreyvianadossantos32@gmail.com:Andreysa2008
carleosjn@gmail.com:C4rl302012!
afiuzza@yahoo.com.br:sa1dt2rr3
sukhpaldeol@gmail.com:9Facebook!
mycomputertara@gmail.com:g?,8P5ffTQtd-f9
d.sungilkim@gmail.com:Softsusu@0514!
ruhir.jamai.shuvo@gmail.com:Ruhi
natygzrv1994@gmail.com:Naty73357780
Demiancolladopizarro@gmail.com:blanca123077
Demiancolladopizarro@gmail.com:blanca12307
loqmane4@gmail.com:loqmanemecam
writebrack@gmail.com:989344582
sheikhabdulbasitwahab786@gmail.com:sheikhabdulbasit786
neer19@gmail.com:ธเ2810057
mertduyul13579@gmail.com:Mestor3131
18alexalx200@gmail.com:Alex.alxD15
umar666u2@gmail.com:rubiyaumar666
bessaperiferico@gmail.com:72*Gja%Rt30Op#bNy%
sheikhabdulbasitwahab786@gmail.com:basitsheikhabdul7968
osmanegesungur2535@gmail.com:osmanEGE11
kabecilexangoaxe@gmail.com:Daltera@30
mpoltronieri10@gmail.com:M@p23082010
Kevinthiagoportilla15@hotmail.com:Portilla2005
kamazchety93@gmail.com:Umbrellabg93
alejandrocumbal443@gmail.com:holaquehace
tashyeed.ex@gmail.com:Te@6653290
unrealengineUE4@gmail.com:MOONyamaso34
shahpathan331@gmail.com:mohibshah000
ferdioz3988@gmail.com:megadet96869686
elimuller1308@gmail.com:Lu#49377670
alexito_will_30@hotmail.com:balauer456
abdullahshoukat1122@gmail.com:kashmir@120
suq8@live.com:asdasd123123
suq8@live.com:asdasd123123
baraakarajah3@gmail.com:t0.7weivw9_y
dimasyz200212@gmail.com:X4K_b6VghwDe6uT
sonnoramidiaemarketing@gmail.com:Guimma*2023VA
sonnoramidiaemarketing@gmail.com:Guimma*2023VA
jefersonfrancisconeves17@gmail.com:mae6712170215
sonnoramidiaemarketing@gmail.com:Guimma*2023VA
jefersonfrancisconeves17@gmail.com:mae6712170215
attaircba@gmail.com:Mhsw%si2003
sonnoramidiaemarketing@gmail.com:Guimma*2023VA
jefersonfrancisconeves17@gmail.com:mae6712170215
jefersonfrancisconeves17@gmail.com:mae6712170215
kenyanollypictures@gmail.com:asifiwebwana0889
ahmedanusfariyahurr@gmail.com:brfalbadargarmentsahmedanus456999000
Dayane.maycon2017@gmail.com:020145483914
ivansaya55@gmail.com:Star30Mas
tatetyson790@gmail.com:Tate5151
elmitoluis8@gmail.com:2017bfg2018
elmitoluis8@gmail.com:2017bfg2018
rafaeldamiansoler6@gmail.com:266256
rojomaksym@gmail.com:Lapeor77.
rojomaksym@gmail.com:Lapeor77.
rojomaksym@gmail.com:Lapeor77.
shababzaman95@gmail.com:szs$@$.com
rojomaksym@gmail.com:Lapeor77.
rojomaksym@gmail.com:Lapeor77.
diocarycheco@gmail.com:dios200919
clyves_santos98@outloo.com:Rozangela1
clyves_santos98@outloo.com:Rozangela1
fabriciohackerxdyt2018@gmail.com:Avatec
d1a1vid1311@gmail.com:1324@1324
hanguyenn2011@gmail.com:iuminhgoeunhyuk
frankoliverledesma@gmail.com:frank1998K
N00236564@upn.pe:Ford1930-MA
yowanehakuy@gmail.com:Senha123zx
N00236564@upn.pe:Ford1930-MA
yowanehakuy@gmail.com:Senha123zx
alexparedes0405@gmail.com:alexanderdaniel1
yunnhsuwatti@gmail.com:@jasmineyunn004
bakebananas@outlook.com:Lazylara20
bakebananas@outlook.com:Lazylara20
limlimanlawrence@gmail.com:15281811ehlcee
limlimanlawrence@gmail.com:15281811ehlcee
limlimanlawrence@gmail.com:15281811ehlcee
limlimanlawrence@gmail.com:15281811ehlcee
af.timoteo@gmail.com:Comunidade12_
clyves_santos98@outloo.com:Rozangela1
ivansaya55@gmail.com:Star30Mas
ivansaya55@gmail.com:Star30Mas
ivansaya55@gmail.com:Star30Mas
gecmisadam09@gmail.com:sanane2000#
fuentesh.pablo@gmail.com:Kiss3836
yunnhsuwatti@gmail.com:@jasmineyunn004
bakriamina8@gmail.com:amiiiina
bakriamina8@gmail.com:amiiiina
bakriamina8@gmail.com:amiiiina
bakriamina8@gmail.com:amiiiina
bakriamina8@gmail.com:amiiiina
bakriamina8@gmail.com:amiiiina
malithlukshan2020@gmail.com:Lukshan@2020
D145053327@taalim.ma:Qnga4739
dvillad06@gmail.com:vector06..
klarenbulgariayt@gmail.com:MaR10In65
jyroxcoc5@gmail.com:alperen2006
flatecdigitalmarketingservices@gmail.com:joshculle
giovannijosehdez4x@gmail.com:29120004
dilermando-Junior@hormail.com:CaJJR_270589
qoriankatourscusco@gmail.com:qori0323@A
qoriankatourscusco@gmail.com:qori0323@A
Nafeemkesware@gmail.com:IMsogood234
villamorriz@yahoo.com:Riz@ram2022
thisisnickousky@gmail.com:nico43444344
nickoskymusicproducer@gmail.com:nico4344
thisisnickousky@gmail.com:nico43444344
nickoskymusicproducer@gmail.com:nico4344
lauracadena2908@gmail.com:Milu1980
sa5322895@gmail.com:sagararyal69
lorenrobberts@mail.com:Tommy5349@
villamorriz@yahoo.com:Riz@ram2022
selcuk.aktas@hotmail.com:Kontrol24
farjanmurshed95@gmail.com:faziscoool
Yusuf.durbak13@gmail.com:sifremibilmiyomkii09.
Yusuf.durbak13@gmail.com:sifremibilmiyomkii09.
lauracadena2908@gmail.com:Milu1980
Instagram@adada-kabbani.com:t@ReK3362Adada
daniela.inostroza.go@gmail.com:Daniela10
utsavsunam1674@gmail.com:ukti1674888
linhdz2003123@gmail.com:linhdz12345867
imaxqt@live.jp:45dQbhgZk2_hCCC
imaxqt@live.jp:45dQbhgZk2_hCCC
mattepro2019@gmail.com:BARCEDioXD12345
sirengames2022@gmail.com:Serena@2022
prithvirathi666@gmail.com:10layer007pp2011
prithvirathi666@gmail.com:10layer007pp2011
prithvirathi666@gmail.com:10layer007pp2011
asguy29@gmail.com:Aryan@290605
asguy29@gmail.com:Aryan@290605
utsavsunam1674@gmail.com:ukti1674888
utsavsunam1674@gmail.com:ukti1674888
mahianarafaurtho007@gmail.com:Anikmahim12
gringolindo@gmail.com:vitin155166
ahmed.barber.tanta@gmail.com:Ahmedsamii7208
ivansaya55@gmail.com:Star30Mas
ivansaya55@gmail.com:Star30Mas
diocarycheco@gmail.com:dios200919
shababzaman95@gmail.com:szs$@$.com
clyves_santos98@outloo.com:Rozangela1
shababzaman95@gmail.com:szs$@$.com
elmitoluis8@gmail.com:2017bfg2018
elmitoluis8@gmail.com:2017bfg2018
tatetyson790@gmail.com:Tate5151
clyves_santos98@outloo.com:Rozangela1
carlangas2006@gmail.com:puntito
oguz201020102010@gmail.com:eE@20102010
ygilbenson@hotmail.com:Marcos2010*
abdullahvirk595@gmail.com:@lph@sigm@
dyvinci01@gmail.com:Surilla.dym
palacean86.pmv@gmail.com:Pmv.124425
yusufkayan930@gmail.com:50151260
yusufkayan930@gmail.com:50151260
agency.corporation.ac@gmail.com:DOCTOR-SANTIAGO
lapiontutorial@gmail.com:Roberta@30248469157
ibrzeynal@gmail.com:zeynal2010
20083711@clases.edu.sv:ELPEPE
sleepnation321@gmail.com:eldorado2015
pollitocordobes@gmail.com:tumamaeslaonda
haledsbeb198@gmail.com:haledsbeb1988
haledsbeb198@gmail.com:haledsbeb1988
thejokercali@gmail.com:3186315107
thejokercali@gmail.com:3186315107
saw7290@gmail.com:JuanDaniel1830Ã±
saw7290@gmail.com:JuanDaniel1830ÐÂ±
andres.ricardo.y@hotmail.com:Coloso4086
asteriaalanis@gmail.com:9Kb.37SF@z@8gDf
saw7290@gmail.com:JuanDaniel1830ÐÂ±
jf.fischer91@gmail.com:Schachmatt22
saw7290@gmail.com:JuanDaniel1830ÐÂ±
saidkhalfan723@gmail.com:KHALIIFAH
saidkhalfan723@gmail.com:KHALIIFAH
aliahmad60770@gmail.com:2G#tEUK%Vmc3$@z
aliahmad60770@gmail.com:2G#tEUK%Vmc3$@z
aliahmad60770@gmail.com:2G#tEUK%Vmc3$@z
aliahmad60770@gmail.com:2G#tEUK%Vmc3$@z
felixmathieson@gmail.com:Bubber747!
felixmathieson@gmail.com:Bubber747!
felixmathieson@gmail.com:Bubber747!
thejokercali@gmail.com:3186315107
karimzoukh75@gmail.com:karim2005.z
inahzuorta22@gmail.com:Hanibarca2022
inahzuorta22@gmail.com:Hanibarca2022
asteriaalanis@gmail.com:9Kb.37SF@z@8gDf
asteriaalanis@gmail.com:9Kb.37SF@z@8gDf
gilmarcondoblerr@gmail.com:laura2003
gilmarcondoblerr@gmail.com:laura2003
asteriaalanis@gmail.com:9Kb.37SF@z@8gDf
firestorme84@gmail.com:FI112233fi$$
asteriaalanis@gmail.com:9Kb.37SF@z@8gDf
ken10574@gmail.com:kevim.onze1
t19414258@gmail.com:luisvalverde17
dilermando-Junior@hormail.com:CaJJR_270589
dilermando-Junior@hormail.com:CaJJR_270589
jf.fischer91@gmail.com:Schachmatt22
kamikazikamikazi40@gmail.com:rezard2233kamikazi0055
kamikazikamikazi40@gmail.com:rezard2233kamikazi0055
kamikazikamikazi40@gmail.com:rezard2233kamikazi0055
jonathanjhonjhon50@gmail.com:jonathan123GJ!
pagomercado317@gmail.com:jhonjhon123GJ!
fernandaacryss@gmail.com:fer@2023*
astridjosuebcz14@gmail.com:Special@@04101988@@
astridjosuebcz14@gmail.com:Special@@04101988@@
jf.fischer91@gmail.com:Schachmatt22
gamerofpak234@gmail.com:browajeeha26whatlol
rmznalp39@gmail.com:gR_xyzgRd80
tahone.th@gmail.com:34253425
tahone.th@gmail.com:34253425
lordefashinemoda@hotmail.com:pQerJ<b2~*rZ,eK
luisjoseortiz990@gmail.com:luis12345
info@solarprotect.be:energyprotect
kevin.rojas.andrade@gmail.com:KevinAFK_-16-07-07
kevin.rojas.andrade@gmail.com:KevinAFK_-16-07-07
unrealengineUE4@gmail.com:MOONyamaso34
catgirl242011@gmail.com:ilovepaladins
kiraipaypal@gmail.com:Z-A-G-K-W-M-L-P-S-B4@x
20083711@clases.edu.sv:ELPEPE
sleepnation321@gmail.com:eldorado2015
pollitocordobes@gmail.com:tumamaeslaonda
kaiomoreira3366@gmail.com:kaio2004
kaiomoreira3366@gmail.com:kaio2004
kaiomoreira3366@gmail.com:kaio2004
lauracadena2908@gmail.com:Milu1980
sajawatsansar@gmail.com:vandina10
douglasnogueiratrader@gmail.com:Admin2130#
mentesmaquinadas@gmail.com:blade1987
thallesfernandes45@gmail.com:12122017
5431hul@gmail.com:5431hulriski
anish2323003@gmail.com:aaBB22@*
fiantikaaulia6@gmail.com:hehepedia23452
gcanales1285@gmail.com:lIERBAG2020
saradgree@gmail.com:7f569lbmn79
saidjlassi64@gmail.com:said12365987
khalidmamad85@gmail.com:01201927754Mk
akpinareray46@gmail.com:Lhw_w3be$N7f7Bt
akpinareray46@gmail.com:Lhw_w3be$N7f7Bt
mazen.nis3g@gmail.com:TiG-3WyW5$WOKZO
mazen.nis3g@gmail.com:TiG-3WyW5$WOKZO
frailinencarnacion888@gmail.com:qvgZTUI5@GyuBTb
FeelaMandi@alliancedata.com:YiqOCf1n1
THoldt@omnicomgroup.com:58AXZvehC9j
PMancuso@qualcomm.com:fsAi49xulKR
Estell.Milwee@praxair.com:eHJz98ZCn
TruebloodElana@anthem.com:iNE6F2Jxvs
HolomNathalie@ryder.com:KDQlJywnBSR
TBasford@averydennison.com:SVpcfjTa3ppgZ
OverNady@voya.com:kAkEmAf2xGKarVK
LapadulaLoutitia@esteelauder.com:2dv8TMknlpH
Othella.Irick@jcpenney.com:EpwSPdxx0m9kAX
RSchiappa@asburyauto.com:jEwRI0j9IFlLr
Dina.Giachelli@officedepot.com:j0KUxHvBJkou
FeelaMandi@alliancedata.com:YiqOCf1n1
THoldt@omnicomgroup.com:58AXZvehC9j
PMancuso@qualcomm.com:fsAi49xulKR
Estell.Milwee@praxair.com:eHJz98ZCn
TruebloodElana@anthem.com:iNE6F2Jxvs
HolomNathalie@ryder.com:KDQlJywnBSR
TBasford@averydennison.com:SVpcfjTa3ppgZ
OverNady@voya.com:kAkEmAf2xGKarVK
LapadulaLoutitia@esteelauder.com:2dv8TMknlpH
Othella.Irick@jcpenney.com:EpwSPdxx0m9kAX
RSchiappa@asburyauto.com:jEwRI0j9IFlLr
Dina.Giachelli@officedepot.com:j0KUxHvBJkou
armandoiglesias@gmail.com:iglearman27
7c3a5d66d5@mailox.biz:jho10jho10
douglas-borges@outlook.com:Cravo@1
genaromarcialdiaz@gmail.com:amortu
luismoreta12@hotmail.com:juanmoreta16
pcgold.compratupc@gmail.com:bocajuniors1
meoma568@gmail.com:Iraq
meoma568@gmail.com:Iraq
ashrafasfour029@gmail.com:ЩЃЩ„
ashrafasfour028@gmail.com:ЩЃЩ„ШіШ·ЩЉЩ†
gan.pengtian@iscat.es:дё­е›Ѕ
gan.pengtian@iscat.es:дё­е›Ѕ
cyborggirl1@gmail.com:Ita
cyborggirl1@gmail.com:Ita
mchelaoua48@gmail.com:AlgГ©rie
ahmedabosakr333@gmail.com:Egypt
ahmedabosakr536@gmail.com:E
cyborggirl1@gmail.com:Ita
cyborggirl1@gmail.com:Ita
cyborggirl1@gmail.com:Ita
cyborggirl1@gmail.com:Ita
cyborggirl1@gmail.com:Ita
cyborggirl1@gmail.com:Ita
xandyxx43@gmail.com:RomГўnia
cyborggirl1@gmail.com:Ita
cyborggirl1@gmail.com:Ita
pedritodurangarvizu12@gmail.com:Boli
mahdyahmed205@gmail.com:Egypt
mahdyahmed205@gmail.com:Egypt
dougxdxd@gmail.com:Brasil
laianecleidson@gmail.com:Brasil
Idone98@gmail.com:Ita
meoma568@gmail.com:Iraq
bangooutlet@gmail.com:Brasil
ahmedelfrash1223@gmail.com:Egypt
meneksekaraservet@gmail.com:Turkiye
sandiofficial30050@gmail.com:Indonesia
sandiofficial30050@gmail.com:Indonesia
sandiofficial30050@gmail.com:Indonesia
sandiofficial30050@gmail.com:Indonesia
akelarasyid@gmail.com:In
depstoremajapahit02@gmail.com:Indon
cheekslucas39@gmail.com:Michigan
jack.ipurdie7@gmail.com:Geor
lfe7715@gmail.com:México
aassaassd208@gmail.com:Turkey
kazimmacit1@icloud.com:Turkey
pngalex472@gmail.com:India
salchicaaconcaca@gmail.com:Colombia
veyselarslan657@gmail.com:hesabıma
flatofisitirafediyor@gmail.com:Tur
nicolasqintope2018@gmail.com:Brasil
Mohsansan74@gmail.com:In
allanbrallan666@gmail.com:Sweden
carlj0449@gmail.com:Argentina
socialnetworkinsta7@gmail.com:India
socialnetworkinginsta77@gmail.com:Indi
technopreet127@gmail.com:India
sshybt71@gmail.con:الجزائر
salsabilnarolis575@gmail.com:Indo
borjalandrei1@gmail.com:phi
yigittas954@gmail.com:Türkiye
yusufsenoglu52@gmail.com:Türkiye
valentinapereyra044@gmail.com:Arge
samolywilly@gmail.com:Argentina
alexisismaelsanchez393@gmail.com:Argentina
carlj0449@gmail.com:Argentina
rapnews1015@gmail.com:Brasil
Damarisfalchi35@gmail.com:para
Jerrycheers7@gmail.com:Pak
anchasct@gmail.com:In
joewinwilliam14@gmail.com:India
kaanerdim123@gmail.com:TГјr
leondanpups@gmail.com:РЈРє
karakas197247@gmail.com:AlgГ©rie
aassaassd208@gmail.com:Turkey
kazimmacit1@icloud.com:Turkey
aassaassd208@gmail.com:Turkey
kazimmacit1@icloud.com:Turkey
alialjammaly698@gmail.com:??????
maljmaly926@gmail.com:??????
Hasssan1000.39@gmail.com:Iraq
gerilya.kreasindo@gmail.com:I
701asil@gmail.com:Узбекистан
slaa7970@gmail.com:Bra
geumgeonho93@gmail.com:Ð»Ð?Ð?Ð½â?¢Ñ?Ð»Ð?Ñ?ÐºÂµÂ­
geumgeonho93@gmail.com:rjsghsmsEhd
shelbylogo@gmail.com:Ð¨Â§Ð©â??Ð©Ñ?Ð©â?¬
gnmsp32010turbo@gmail.com:Ð
faraztahir507@gmail.com:Please
kauaandrade789@gmail.com:Brasil
arjoojan36@gmail.com:Iraq
mzgindoski36@gmail.com:ir
mzgindoski37@gmail.com:Iraq
mzgindoski40@gmail.com:Iraq
arjoojan37@gmail.com:Iraq
abrahamlinda331@gmail.com:Ni
iamwinfu@gmail.com:Philippines
export.greentrade@gmail.com:My
Liudejesus990@gmail.com:Não
linetbasemera2@gmail.com:United
sienkiewiczadam00@gmail.com:Polska
daffarizkyf@gmail.com:Indonesia
caiol.snp@gmail.com:Bras
vdidvxxcd@gmail.com:Ш§Щ„Ш№Ш±Ш§Щ‚
nathaliafernandes21124@gmail.com:Ш§Щ„Ш№Ш±Ш§Щ‚
aa7100moringkkq@gmail.com:Ш§Щ„Ш№Ш±Ш§Щ‚
jazendale@gmail.com:roverspassword
ervinkefabian@gmail.com:RomГЎnia
pusha_4u@yahoo.com:Roma
Bocinalatina@gmail.com:jeffrey024
Labocinalatina@gmail.com:Jeffrey024$$$
Bocinalatina@gmail.com:jeffrey024
Labocinalatina@gmail.com:Jeffrey024$$$
Bocinalatina@gmail.com:jeffrey024
Labocinalatina@gmail.com:Jeffrey024$$$
Bocinalatina@gmail.com:jeffrey024
Labocinalatina@gmail.com:Jeffrey024$$$
marnagua14@gmail.com:Blassbaghalem1
1992hondansxr@gmail.com:ser
atimyavsak@gmail.com:Türkiye
selman2056@gmail.com:Türkiye
asmusbutik@gmail.com:Tür
abdobakkor63@gmail.com:تركيا
suleymanaliyavuz@gmail.com:Tür
manueltazon_@outlook.com:Venezuela
haashoficialmorelia@hotmail.com:Mexi
abdulwafiy41@gmail.com:wafiypolo
jesumbo03@gmail.com:Nigeria
jesumbo03@gmail.com:margatsni03
katlehovincent06@gmail.com:Moagi@_0811
15-30gt048@students.unilorin.edu.ng:Nig
hand2handmobils@gmail.com:India
sarfarazb575@gmail.com:Pakistan
701asil@gmail.com:??????????
701asil@gmail.com:??????????
jeffybrothers@gmail.com:Bra
jonpen_red@hotmail.com:chilipeppersF800
kristik.sam4uk@gmail.com:Israel
a1418010@gmail.com:Ø§Ù?Ù?Ù?
angeljosephchavez@gmail.com:PerÃº
btryfrt@gmail.com:10148379586aA@
7sur7tv@gmail.com:Dem
Andreea.blanarucucu@yahoo.com:România
hand2handmobils@gmail.com:India
marenchukserhii07@gmail.com:Italia
osgs2k17@gmail.com:Nigeria
redivostech@gmail.com:Ni
you80211@gmail.com:taiwan
you80211@gmail.com:taiwan
nicolaef306@gmail.com:Ro
nicolaef306@gmail.com:Ro
lauradasilvasilva47@gmail.com:Brasil
vera63864@gmail.com:Brasil
cooper.quin.jay@gmail.com:Brasil
lauradasilvasilva47@gmail.com:Brasil
vera63864@gmail.com:Brasil
cooper.quin.jay@gmail.com:Brasil
mail@picit.in:India
hooda533@gmail.com:India
hooda533@gmail.com:[UNKNOWN
hooda533@gmail.com:India
hooda533@gmail.com:[UNKNOWN
mhdclassic72@gmail.com:Ta
mhdclassic72@gmail.com:Ta
mhdclassic72@gmail.com:Ta
mhdclassic72@gmail.com:Ta
arthur.rodouge@gmail.com:Bra
abed.em.sy@gmail.com:ШіЩ€Ш±ЩЉШ§
mohamed.jarmoun99@gmail.com:Maroc
mohamed.jarmoun99@gmail.com:Maroc
xdxcritex@gmail.com:Indonesia
xdxcritex@gmail.com:Indonesia
alhartmo10@gmail.com:Щ„ЩЉШЁЩЉШ§
vihanrednation@gmail.com:Uni
wilclarkfx@gmail.com:Ghana
zoltanka530@gmail.com:Magy
feedpalestine@gmail.com:Israel
muhammedfariskh@gmail.com:In
dakounfatima08@gmail.com:Es
michalo.czerniak@wp.pl:Pols
adryanplens202@gmail.com:Bra
mishramail008@gmail.com:India
lisowiczkamil8@gmail.com:Polska
kuba.romanowski3@wp.pl:Polska
brendamonttoya@gmail.com:Ar
zaidme407@gmail.com:Ir
djendel2@gmail.com:Puer
ianqiu9753@gmail.com:ian970503
adamNleah@outlook.com:Un
ahmedbouelaala56@gmail.com:Mor
geofreyjunior02@yahoo.come:ta
ambitions@launchpad-gc.com:Australia
tristan320807@gmail.com:Indo
david_den.26@gmail.com:Forgot
stephpierre846@gmail.com:Haiti
stephpierre89@yahoo.com:Hai
sirvanliismayil52@gmail.com:Azerbaycan
turalmehrali@gmail.com:django1234
omerfarukdemirbag11@gmail.com:TÃ¼rkiye
luangsena157@gmail.com:Queria
luangsena157@gmail.com:Queria
hawakhald17@gmail.com:Palestine
hawakhald11@gmail.com:Palestine
kylanjustin034@gmail.com:Jetrouve
kylanjustin034@gmail.com:Jetrouve
gregorriddiough@gmail.com:U
sirvanliismayil52@gmail.com:Azerbaycan
nakagamishi98@gmail.com:Indo
pablo.reygt2@gmail.com:Mi
musicwithoutcopyrightdance@gmail.com:EspaÃ±a
bvaciana55@gmail.com:Cos
fb.frkn330@gmail.com:Türkiye
quitengrimmcampinggears@outlook.com:Uganda
rapnews1015@gmail.com:Brasil
contact.mazbook@gmail.com:Indone
contact.mazbook@gmail.com:Indone
osgs2k17@gmail.com:Nigeria
redivostech@gmail.com:Ni
tech.millennialsystems@gmail.com:Ugan
tech.millennialsystems@gmail.com:Ugan
Kasmielti123@gmail.com:France
engineeringcleowm@gmail.com:cleo2015
kemalpalalu@gmail.com:Indonesia
dunjap@gmail.com:Sta
adriefortnite87@gmail.com:España
oggvalo@gmai.com:Bangladesh
oggvalo@gmail.com:bangla
hung04012001@gmail.com:Vietnam
sarfarazb575@gmail.com:Pakistan
ilmignottonevins@gmail.com:It
tomisinnifemi75@gmail.com:U
maelsean5@gmail.com:Réactiver
maelsean5@gmail.com:Réactiver
mh906722@gmail.com:م
maelsean5@gmail.com:Réactiver
maelsean5@gmail.com:Réactiver
nicolaef306@gmail.com:cacamatagura
nicolaef306@gmail.com:Ro
julioandresreverolsocorro@gmail.com:col
thetheaterofgrace@gmail.com:Niger
yonca.acc@gmail.com:Balayeva555
beknazarov.97@gmail.com:0312602033Bhb
musetti.turkmenistan@gmail.com:0312602033bhb
sergio27062004@gmail.com:MГ©xico
doOlaana89@gmail.com:مصر
welves933@gmail.com:88488515welves
Welvessantos1@hotmail.com:Brasi
Welves933@gmail.com:88488515welves
ppnidaulquran@gmail.com:Indo
azrielpinto56@gmail.com:Brasil
balochakbar234@gmail.com:Pa
gurgenad@gmail.com:Georgia
Brus.contacto@gmail.com:Argentina
laptiev2005@gmail.com:Ahbnfeyneahbnfey113
andreivillareal36@gmail.com:Arv090302_
neelumshah298@gmail.com:89543c8amathematics@
andreivillareal36@gmail.com:Arv090302_
yvanciel_diano@yahoo.com.ph:#sakaki123
andreivillareal36@gmail.com:Arv090302_
ahirananish7@gmail.com:uyy
kenedward412@gmail.com:Brasi
santiagov.uy@hotmail.com:Uruguay
catering@gmkgroup.co.za:South
ecgolievenhomecell@yahoo.com:Sou
shoaibshabbir990@gmail.com:Pakistan
amanyagift1@gmail.com:Kenya
shoaibshabbir990@gmail.com:Pakistan
std59010911756@acc.msu.ac.th:ไทย
shoaibshabbir990@gmail.com:Pakistan
mranic7535@gmail.com:4
mranic7535@gmail.com:4
shoaibshabbir990@gmail.com:Pakistan
std59010911756@acc.msu.ac.th:а№„аё—аёў
shoaibshabbir990@gmail.com:Pakistan
std59010911756@acc.msu.ac.th:а№„аё—аёў
std59010911756@acc.msu.ac.th:ไทย
shoaibshabbir990@gmail.com:Pakistan
amanyagift1@gmail.com:Kenya
rapnews1015@gmail.com:Brasil
ayewernest@gmail.com:hallamoi
makhnaa69@gmail.com:Bb4.Bb
makhnaa69@gmail.com:Pak
nacho_h1994@hotmail.com:Ecua
elvinelizade171@gmail.com:az
searadasoliveiras@gmail.com:Esqueci
lewisnyamu978@gmail.com:Kenya
lewisnyamu978@gmail.com:Kenya
axelrojero19@gmail.com:México
Mazenelkassaa@gmail.com:United
sirvanliismayil52@gmail.com:Azerbaycan
luangsena157@gmail.com:Queria
jhorguell99@gmail.com:Colombia
karthikvc06@gmail.com:India
adhamt888@gmail.com:Adham1234567
dabgamingg@gmail.com:20061029
emir-akpinar35@hotmail.com:647125bc
am5331059@gmail.com:27577471
raphaelnjoroge001@gmail.com:Ken
gitarokenya@gmail.com:Raphael001
nicolasbrain0148@gmail.com:Br
almorshedelectronic@gmail.com:Libya
shahputera76@gmail.com:Malays
5techcomputers5@gmail.com:In
mohammadiskhaq19@gmail.com:In
ioluwaseyi1@gmail.com:Nigeria
anikhassan111@gmail.com:Bangladesh
jesusperdiendopeso@gmail.com:EspaГ±a
ramazancengiz199434@gmail.com:TГјrkiye
sanalcekiliЕџ1@gmail.com:TГјr
mahdisardouk00@gmail.com:Tun
mahdisardouk00@gmail.com:Tun
nuneria@yahoo.com:Me
fredapaul58@gmail.com:BuTz#MzS6@6mdg2
rayandj002@gmail.com:A
rayandj002@gmail.com:A
rayandj002@gmail.com:A
zhade.pirini2005@gmail.com:Australia
zhade.pirini2005@gmail.com:Australia
ah1993ed@hotmail.com:ЩЃЩ„ШіШ·ЩЉЩ†
isalitisham@gmail.com:In
davidjagaba606@gmail.com:Nigeria
davidjagaba606@gmail.com:Nigeria
you80211@gmail.com:taiwan
noisemomatti0302@gmail.com:It
laluegiq0710@gmail.com:Indo
vannesadelecourt@gmail.com:Nigeria
khanm16@yahoo.com:Pakistan
eduardo0243@outlook.com:Brasil
trancistasiniciantes@gmail.com:Brasil
trancistasiniciantes@gmail.com:Brasil
trancistasiniciantes@gmail.com:Brasil
trancistasiniciantes@gmail.com:Brasil
annaclararodriguescardoso@gmail.com:Eu
am5331059@gmail.com:Щ…ШµШ±
julioandresreverolsocorro@gmail.com:col
julioandresreverolsocorro@gmail.com:col
am5331059@gmail.com:Щ…ШµШ±
julioandresreverolsocorro@gmail.com:col
julioandresreverolsocorro@gmail.com:col
laluegiq0710@gmail.com:Indo
vannesadelecourt@gmail.com:Nigeria
khanm16@yahoo.com:Pakistan
eduardo0243@outlook.com:Brasil
c4rmacze@gmail.com:Ceska
belaspetr7@gmail.com:ДЊe
muhanadalnaabi97@gmail.com:Om
you80211@gmail.com:Wd776547321
bazzookadestroyer@gmail.com:Br
jm4987951@gmail.com:Es
jykhor2009@gmail.com:й©¬жќҐиҐїдєљ
emir-akpinar35@hotmail.com:TГјr
emir-akpinar35@hotmail.com:TГјr
eavci1987@gmail.com:Avcierol1
eavci1987@gmail.com:Avcierol1
osgs2k17@gmail.com:Nigeria
redivostech@gmail.com:Ni
a1sibthassan@gmail.com:Pakistan
iglesialavozquedespierta@hotmail.com:martaramonagomez1968
iglesialavozquedespierta@hotmail.com:pepe2021biondi
iglesialavozquedespierta@hotmail.com:Argentina
iglesialavozquedespierta@hotmail.com:Argentina
ihemalo1996@gmail.com:Tur
ihemalo1996@gmail.com:Tur
beebox4design@gmail.com:Alg
undefined0709@gmail.com:Brasil
undefined0709@gmail.com:Brasil
lucasmtoliver@gmail.com:lucas44456
lucasmtoliver@gmail.com:lucas44456
lucasmtoliver@gmail.com:lucas44456
lucasmtoliver@gmail.com:lucas44456
karolkroczynski@gmail.com:Pols
alimomyt@gmail.com:Ш§Щ„Ш№
samuelvadruccio05@gmail.com:04072005
talhahabib099@gmail.com:Pakistan
talhahabib099@gmail.com:Pakistan
ogi_barker@yahoo.com:Gantengsekali21
khayyalaabada2017@gmail.com:Ш§Щ„Щ…
khayyalaabada2017@gmail.com:Ш§Щ„Щ…
yamen.mh.cr7@gmail.com:cristiano
vajagicmiroslav12@yahoo.com:Srbija
miroslavvajagic123@gmail.com:Srbija
picam803@gmail.com:TГјrkiye
picam803@gmail.com:TГјrkiye
nilda21brhn@gmail.com:Turki
xleugamerx@gmail.com:Brasil
pedroquiroz290806@gmail.com:Me
pedroquiroz290806@gmail.com:Me
pedroquiroz290806@gmail.com:Me
xleugamerx@gmail.com:Brasil
mauro12127@gmail.com:Estados
mauro12127@gmail.com:Estados
pedroquiroz290806@gmail.com:Me
pedroquiroz290806@gmail.com:Me
pedroquiroz290806@gmail.com:Me
pedroquiroz290806@gmail.com:Me
pedroquiroz290806@gmail.com:Me
pedroquiroz290806@gmail.com:Me
nilda21brhn@gmail.com:Turki
rehambacha.rb@gmail.com:تركيا
guterresvini12@gmail.com:Diretrizes
guterresvini12@gmail.com:Diretrizes
hamza.3d.mh@gmail.com:MOROC
hamza.3d.MH@gmail.com:Maroc
molmpk.mouad@gmail.com:Maro
mmooss_2005@yahoo.com:Щ…
igorrrr092@gmail.com:Espa
5techcomputers5@gmail.com:In
nilshidalgo@yahoo.com:magAA1017
akelarasyid@gmail.com:In
abdelhakimmana0@gmail.com:Maroc
jaime.trap26@gmail.com:EspaГ±a
catalinabuliga63@gmail.com:RomГўnia
Kader31bouchi31@gmail.com:Algeria
arturoesteche10@gmail.com:Para
Khaledwaled302@gmail.com:Ð
kellie.greyn@gmail.com:Isr
syedamirulaidid99@gmail.com:MALAY
fm625433@gmail.com:Ð
suduhegde@gmail.com:India
bad_adm_kz@mail.ru:Kaza
luca.baer@googlemail.com:a944jq
mr.lheghend3030@gmail.com:Ghana
lionelcorrasani107@gmail.com:Sou
luisdanielkano@gmail.com:brinca789
shaimaaahamed2010@gmail.com:Щ…ШµШ±
seangibson940@gmail.com:planted123
barandilber16@gmail.com:TГјrkiye
luca.baer@googlemail.com:a944jq
oliverojeda697@gmail.com:EspaГ±a
seangibson940@gmail.com:planted123
samuelbirbante@gmail.com:Samuel/ele/ale2011
carneykid7@gmail.com:Larkee11!
KoreshAsadi@gmail.com:Larkee11!
KoreshAsadi@gmail.com:Iran
KoreshAsadi@gmail.com:kor34298185
guadarts@gmail.com:GGCs90syumerib
guadartstuff@gmail.com:GGCs90syumerib
guadartstuff@gmail.com:peru
jero-dg@live.com:MasterMind42587251
jero-dg@live.com:PerÃÂÃÂÃÂÃÂ
tomisinnifemi75@gmail.com:U
seveninsight7@gmail.com:In
ahmed.gamalfara7at@gmail.com:Ð
bintarapabayo@gmail.com:Indonesia
marto255gbg@gmail.com:Ð
storeflacko@gmail.com:malay
florian.rijstenberg@gmail.com:31
kariminayere38@gmail.com:iran
bondan.moba1902@gmail.com:Indonesia
jaymeequinn7117v@gmail.com:Ð
kumarkmanoj789@gmail.com:INDIA
bbcdt22@gmail.com:Uni
raysubhrant@gmail.com:In
sirvanliismayil52@gmail.com:Azerbaycan
sirvanliismayil52@gmail.com:Azerbaycan
sirvanliismayil52@gmail.com:Azerbaycan
turalmehrali@gmail.com:django1234
omerfarukdemirbag11@gmail.com:Türkiye
dzi19104@gmail.com:Serbia
Contato.tassidesigner@gmail.com:Brasil
gustavobarbosamr@gmail.com:Brasil
ermed2020@gmail.comвЂЏ:Щ…ШµШ±
shaimaaahamed2010@gmail.com:Щ…ШµШ±
sandiofficial30050@gmail.com:Indonesia
sfaanimeart@gmail.com:Indone
alimomyt@gmail.com:Ш§Щ„Ш№
hamza.3d.mh@gmail.com:MOROC
hamza.3d.MH@gmail.com:Maroc
molmpk.mouad@gmail.com:Maro
moregrace.tv@gmail.com:Nig
hamiltonbaloi2@gmail.com:Mozambique
kirillrizaev44@gmail.com:Р
remziuzunkaya9@gmail.com:TГј
arthur.nery2009@gmail.com:Br
farisjusufovic2011@gmail.com:Bos
jheniferdaniely94@gmail.com:Brasil
ahmedabosakr333@gmail.com:Egypt
ahmedabosakr536@gmail.com:E
mmooss_2005@yahoo.com:Щ…
abdelrhmandaif@gmail.com:Egypt
gan.pengtian@iscat.es:дё­е›Ѕ
ashrafasfour029@gmail.com:ЩЃЩ„
ashrafasfour028@gmail.com:ЩЃЩ„ШіШ·ЩЉЩ†
allenuzi11@gmail.com:S
angelhalodragon2250@gmail.com:U
deandre6711@gmail.com:Germany
shahputera76@gmail.com:Malays
dzi19104@gmail.com:Serbia
Contato.tassidesigner@gmail.com:Brasil
aloshefm51@gmail.com:Ш§Щ„Ш№Ш±Ш§Щ‚
ihemalo1996@gmail.com:Tur
jesusperdiendopeso@gmail.com:EspaГ±a
ah1993ed@hotmail.com:ЩЃЩ„ШіШ·ЩЉЩ†
ah1993ed@hotmail.com:ЩЃЩ„ШіШ·ЩЉЩ†
csesonuk@gmail.com:India
csesonuk@gmail.com:India
anastasiamanou@outlook.com.gr:О•О»О»
anastasiamanou@outlook.com.gr:О•О»О»
sathixkhan123@gmail.com:Bangladesh
sathixkhan123@gmail.com:Bangladesh
sathixkhan123@gmail.com:Bangladesh
sathixkhan123@gmail.com:Bangladesh
hkorkmazh2000@gmail.com:Turkey
cemilealkan3169@gmail.com:TГјrkiye
Mohsansan74@gmail.com:In
emir-akpinar35@hotmail.com:TГјr
emir-akpinar35@hotmail.com:TГјr
artwasilewskij@gmail.com:РЈРєСЂР°РёРЅР°
artwasilewskij@gmail.com:РЈРєСЂР°РёРЅР°
Dipy.id@gmail.com:1994-05-02
frankieek85@gmail.com:10041985C
frankiejek30@outlook.com:@10041985
frankieek85@gmail.com:10041985C
frankiejek30@outlook.com:@10041985
Thanaphon05002@gmail.com:а№„аё—аёў
badeacostel42@gmail.com:Costel1@
badeacostel42@gmail.com:Costel1@
rchmaa1269@gmail.com:hyysitt1103._
vdidvxxcd@gmail.com:Ш§Щ„Ш№Ш±Ш§Щ‚
nathaliafernandes21124@gmail.com:Ш§Щ„Ш№Ш±Ш§Щ‚
aa7100moringkkq@gmail.com:Ш§Щ„Ш№Ш±Ш§Щ‚
brandonstelter5@gmail.com:elmisionero
jazendale@gmail.com:roverspassword
ervinkefabian@gmail.com:RomГЎnia
pusha_4u@yahoo.com:Roma
Bocinalatina@gmail.com:jeffrey024
Labocinalatina@gmail.com:Jeffrey024$$$
Bocinalatina@gmail.com:jeffrey024
Labocinalatina@gmail.com:Jeffrey024$$$
Bocinalatina@gmail.com:jeffrey024
Labocinalatina@gmail.com:Jeffrey024$$$
Bocinalatina@gmail.com:jeffrey024
Labocinalatina@gmail.com:Jeffrey024$$$
marnagua14@gmail.com:Blassbaghalem1
boonna2029@gmail.com:Thailand
zensramy@gmail.com:Nismogtr9521
corralesmirian9@gmail.com:Boli
zensramy@gmail.com:Al
joseanobre1@gmail.com:Brasi
aretichk@gmail.com:TГјrk
firas.ben.abdallah.22@gmail.com:Tunisie
x0javierx0@gmail.com:pascualfeo2
x0javierx0@gmail.com:pascualfeo2
x0javierx0@gmail.com:pascualfeo2
x0javierx0@gmail.com:pascualfeo2
x0javierx0@gmail.com:pascualfeo2
x0javierx0@gmail.com:pascualfeo2
x0javierx0@gmail.com:pascualfeo2
x0javierx0@gmail.com:pascualfeo2
locandapescatori@outlook.com:It
sergio.pinzon391@gmail.com:Colombia
nileshpatel9559@gmail.com:1qqq
huzeyfesariyildiz96@gmail.com:TГј
sergio.pinzon391@gmail.com:Colombia
mostafaattaopo@gmail.com:Щ…ШµШ±
nicolaef306@gmail.com:Ro
catalinabuliga63@gmail.com:RomГўnia
catalinabuliga63@gmail.com:RomГўnia
ziedankalef12@gmail.com:ШЄШ±Щѓ
ssw.sjndy@gmail.com:Viб»‡t
migelmugii@gmail.com:Br
guterresvini12@gmail.com:Diretrizes
sprintertangerangraya@gmail.com:Ind
catalinabuliga63@gmail.com:RomГўnia
Apgsckrisna@gmail.com:08987947082
mahmoudalkrdasy3@gmail.com:14051989
Truecescorp@gmail.com:Nigeria
agscooby3@gmail.com:India
albeneir@gmail.com:Brasi
amir.noor88zhm@gmail.com:ШЄШ±Щѓ
ariberkant@gmail.com:Turke
artis_chenko@hotmail.com:Р°в„–вЂћР°С‘вЂ”Р°С‘Сћ
asolluuu@gmali.com:ЩѓЩ†ШЇШ§
belaspetr7@gmail.com:ДЊe
bibit.lego@gmail.com:РљР°Р·Р°С…СЃС‚Р°РЅ
c4rmacze@gmail.com:Ceska
ce.404.c@gmail.com:Ш§Щ„Ші
Cristians5262@gmail.com:Colombia
elmasa324@gmail.com:TГј
eutqmao021388@gmail.com:Brasil
Ggwp331991@yahoo.com:U
goonerlawmtea@gmail.com:India
imadsenfour44@gmail.com:EspaГ±a
jcbj80@gmail.com:Col
karwill@nate.com:Г«ВЊВЂГ­В•ВњГ«ВЇВј
killerrohit52@gmail.com:In
maith.almikdmi12@gmail.com:Ш§Щ„Ш№
maith.almikdmi15@gmail.com:Ш§Щ„Ш№
maith.almikdmi16@gmail.com:Ш§Щ„Ш№
maksim2380456@gmail.com:Р
marnagua14@gmail.com:Ni
Marquespereiragustavo8@gmail.com:Brasi
mostafaattaopo@gmail.com:Щ…ШµШ±
muhanadalnaabi97@gmail.com:Om
ninouxgamer@gmail.com:AlgГ©rie
patilbhavesh7788@gmail.com:India
pavelshohin12@gmail.com:Р
Querrec.mathys@orange.fr:France
s07716107781@gmail.com:Ш§Щ„Ш№
saidsaid87999@gmail.com:Maroc
thetheaterofgrace@gmail.com:Niger
viki.progaming@gmail.com:Р
Yakupkrdr@gmail.com:TГѓВјrkiye
zmalqp053@gmail.com:ЩѓЩ†ШЇШ§
krm.isk29@gmail.com:Al
kimonlemonhot777@gmail.com:PerÃº
btryfrt@gmail.com:volvo1905
btryfrt@gmail.com:volvo1905
Mohanednasr9@gmail.com:Egypt
Mohanedmasr@gmail.com:Egypt
kaanerdim123@gmail.com:TÐÑr
Mohanednasr9@gmail.com:Egypt
Mohanedmasr@gmail.com:Egypt
vajagicmiroslav12@yahoo.com:Srbija
miroslavvajagic123@gmail.com:Srbija
krm.isk29@gmail.com:Al
btryfrt@gmail.com:volvo1905
btryfrt@gmail.com:volvo1905
btryfrt@gmail.com:volvo1905
btryfrt@gmail.com:volvo1905
btryfrt@gmail.com:volvo1905
btryfrt@gmail.com:volvo1905
krm.isk29@gmail.com:Al
rasyaaulia@outlook.co.id:In
mchelaoua48@gmail.com:AlgÐ“Â©rie
iglesialavozquedespierta@hotmail.com:Argentina
nicolaef306@gmail.com:Ro
jamumaklampir@gmail.com:Indonesia
tetika568@gmail.com:Türkiye
sabriburakyolsal@gmail.com:Türkiye
karakas197247@gmail.com:Alg?©rie
sabriburakyolsal@gmail.com:T??rkiye
leondanpups@gmail.com:????
kaanerdim123@gmail.com:T??r
lokmanmama00@gmail.com:[UNKNOWN
lokmanmama00@gmail.com:[UNKNOWN
lokmanmama00@gmail.com:[UNKNOWN
lokmanmama00@gmail.com:[UNKNOWN
lokmanmama00@gmail.com:[UNKNOWN
andreivillareal36@gmail.com:Ph
andreivillareal36@gmail.com:Ph
krm.isk29@gmail.com:Al
king19942012@gmail.com:Ш§Щ„Щ…Щ…Щ„ЩѓШ©
maxkoffa@live.fr:Togo
sergio27062004@gmail.com:MГ©xico
hoangkhai6p1@gmail.com:Minh
thanishq1010@gmail.com:PUDDINGXX69
thanishq1010@gmail.com:PUDDINGXX69
jasonsds@gmail.com:jason9513775319
abanoubkamal1999@gmail.com:!@Ab123456789
rivajehijab21@gmail.com:Rivajehijab-1234
mkeshk7935@gmail.com:a$0KzhEu$P27E0P
hemreyildiz95@gmail.com:Emre95gsli@
ipekr4980@gmail.com:fOfK@ESur37B0vD
FordCity@gmail.com:miller091
thaisonfraga72@gmail.com:tha150n123@
pandadograve89@gmail.com:zS_v-CS13pQgzDt
kinjalzatakiya@gmail.com:kinjal24061998
arjunkaranpirnandes@gmail.com:q2g8uCVu_$MjiYj
kuoian01@gmail.com:HESL20KM1TMh$-q
pp--1234@hotmail.com:13112545
kiltekaian@gma.com:ianevans12185994994
owenezequielrobles@gmail.com:akiles_de-brasil
owenezequielrobles@gamil.com:h9!pNTu8Hr2nb5n
kinjalzatakiya@gmail.com:kinjal24061998
browngemyt@gmail.com:DvYYBAUS6$8Za0h
robson_kestering@yahoo.com.br:Arachnis
nurmahasibuan2996@gmail.com:anggi020996
bobymayo621@gmail.com:PlT9ot@wiPFMCth
bobymayo621@gmail.com:PlT9ot@wiPFMCth
omrangamer540@gmail.com:omrangg6655
mohammedmizlan260@gmail.com:mohammedmohammed
subrtokumir@gmail.com:8346992387
juanguzmand0009@gmail.com:8298193923Netflix
yavuzyildizoglu1@gmail.com:woltage00
pp--1234@hotmail.com:13112545
nisadnitish324@gmail.com:2580369
lealelias833@gmail.com:LEAL.RODRIGUEZ
thaisonfraga72@gmail.com:tha150n123@
stivrnjunir@gmail.com:Mehdi2005
h.yassir1010@gmail.com:H.yassir1010
teacherop614@gmail.com:03318435913
h.yassir1010@gmail.com:H.yassir1010
rehanbhatti061@gmail.com:RBREHAN1989
luisjesusebom1@gmail.com:climatamp
kazitamim3871@gmail.com:qwertyuiopasdfghjkl
harismemon2020@outlook.com:R_!jtrrgtSKwu1P
subrtokumir@gmail.com:8346992387
mohammedmizlan260@gmail.com:mohammedmohammed
mathiasarenas132007@gmail.com:61050483.
mathiasarenas132007@gmail.com:61050483.
sulthanabyanfattan@gmail.com:fattan23
mathiasarenas132007@gmail.com:61050483.
mathiasarenas132007@gmail.com:61050483.
sulthanabyanfattan@gmail.com:22januari2008
sulthanabyanfattan@gmail.com:fattan23
nontaskatsanos7@gmail.com:epi2580
escanorflame98@gmail.com:Wz051198#
mo0595720171mo@gmail.com:bY-hEAPa9Pvp_Uq
h.yassir1010@gmail.com:h.yassir1010klo
teacherop614@gmail.com:03318435913
h.yassir1010@gmail.com:H.yassir1010
stivrnjunir@gmail.com:Mehdi2005
elizeud.alencar@gmail.com:bbzinho123
princemat@gmail.com:safiatuo1
yodanylopez@gmail.com:cW$!7VqgqaJuMqF
gcavalho6@gmail.com:ggpluturno21
edgarjosueromeroestupinan@gmail.com:Marquinhadefita
miyayikai243@gmail.com:isaac160100ki
ranjeetjha85214@gmail.com:instagram
benjakbral9@gmail.com:50825430rx7
raulmatosm05@gmail.com:Raulw7w1l0RaulMM
omercosgun@msn.com:Omer911979
kiltekaian@gma.com:ianevans12185994994
sayfurrahman159@gmail.com:NxCJ-2hK2g_51_a
sayfurrahman159@gmail.com:NxCJ-2hK2g_51_a
sayfurrahman159@gmail.com:NxCJ-2hK2g_51_a
Kalugue@gmail.com:Acuario31!!
thyagoemanuell888@gmail.com:thyago888
genaropikachu@gmail.com:051
brenoandrade1981@gmail.com:98421245
rj.gta35@gmail.com:Jericho@09
suhanalaskar002@gmail.com:suhana0
icecubeuwu@gmail.com:louaykrayem22
rajneeshrooney@hotmail.com:k4QW$A2Y@lpwbuM
zidanebentofraqueza@outlook.com:ZIDANE.23
omercosgun@msn.com:Omer911979
fabitoksjdhfh@gmail.com:50450189
fabitoksjdhfh@gmail.com:50450189
mathiasarenas132007@gmail.com:61050483.
raulmatosm05@gmail.com:Raulw7w1l0RaulMM
bisarro_rap_18@hotmail.com:concepcionXD1957$
bisarro_rap_18@hotmail.com:concepcionXD2023$
asevereyn@gmail.com:Ch@-4cQd2ahSaLN
jdwbdalhafz179@gmail.com:Doroh3SXXo$Z22I
Bboubakar540@gmail.com:Dm-km-5p8LR$Vzf
bensalahlouay427@gmail.com:j_5BQscIUg699$k
manasubhadip47@gmail.com:koyel@11
padovamdanieldaniel@gmail.com:Dani0204_
reginaldoclementinodasilva03@gmail.com:je8jpR8o6OJ01!H
Jsilva.rodrigues.original@gmail.com:jsilva07888329
willlindo0708@gmail.com:treC@#22
egtm2810@gmail.com:Digimon01
arbabyamyr09@gmail.com:HMk-fO2!C5-LvET
yassinezouhour845@gmail.com:bb2012bb
fernandarosuna@gmail.com:bajolalluvia1997
Yasseinmohamedyassein@gmail.com:Kxv_@TFepsPJI9l
castelanijg@gmail.com:Alicerce2707
dominikknap2000@gmail.com:tgbyhn2007
kinjalzatakiya@gmail.com:kinjal24061998
thatohlahatsi87@gmail.com:EMPTY
alexandreflmartins755@gmail.com:alexandre2406
marianacristine781@gmail.com:damasceno
ernock2434@gmail.com:erenock2434
satyaprakashk82@gmail.com:satyaprakash
smart.sman786@gmail.com:@sd#mr@
loverpubg2321@gmail.com:RCbUYX3Jrr9!Gah
nippanibjp@gmail.com:upadhye99
compita0011@gmail.com:l.j.a70
compita0011@gmail.com:l.j.a70
thaisonfraga72@gmail.com:tha150n123@
thaisonfraga72@gmail.com:tha150n123@
thaisonfraga72@gmail.com:tha150n123@
thaisonfraga72@gmail.com:tha150n123@
osumajoshua836@gmail.com:oluwasheun123
storyxl@gmail.com:1219154852isT.107160
storyxl@gmail.com:1219154852isT.107160
compita0011@gmail.com:l.j.a70
geniuscomunicacaolem@gmail.com:gcv12345_
israeldearaujo765@gmail.com:87120315
eljamirv@gmail.com:i8F6S6cOs_suKJc
tanveeroct@gmail.com:SLYE_YOLO_KING_STAR
shamsabd18@yahoo.com:Ayaaya2017
shamsabd18@yahoo.com:Ayaaya2017
tobiaszampini5@gmail.com:tobiaszampini1
a_zainab08@icmonteurano.it:zaiNab2008!
ararezaisara30@gmail.com:_Gw3vZA7wh5cTGE
ricardoachterberg19@gmail.com:ricardo123?
ricardoachterberg19@gmail.com:ricardo123?
asriaymen03@gmail.com:J7AYMEN
caseyfishback@gmail.com:kingdab64
eginformatica08@gmail.com:MIG0411
adityavhandhi@gmail.com:2703035433
fernandezmicmacherdylan@gmail.com:dylanfer2009
deepikasrivastav726@gmail.com:921112
dephoj@gmail.com:ZHQy5GjHUt26*a5
kadercoylibaly1107@gmail.com:kadoutche22
juanguzmand0009@gmail.com:8298193923Netflix
kallken53@gmail.com:1978e1980
darialunyova@gmail.com:elita2000
tanjilurrahmanrafsi@gmail.com:Rafsi0192
tanjilurrahmanrafsi@gmail.com:Rafsi0192
kadutea3@gmail.com:jamesdin
tanjilurrahmanrafsi@gmail.com:Rafsi0192
tanjilurrahmanrafsi@gmail.com:Rafsi0192
kadutea3@gmail.com:jamesdin
pandadograve89@gmail.com:zS_v-CS13pQgzDt
jasonsds@gmail.com:jason9513775319
jasonsds@gmail.com:ufr$yc3Ap@mA6hR
juanguzmand0009@gmail.com:8298193923Netflix
bisarro_rap_18@hotmail.com:concepcionXD1957$
bisarro_rap_18@hotmail.com:concepcionXD2023$
efda007@gmail.com:ds@X0WK7KjF-45y
rolydanies@gmail.com:amanis2122
kadi_khaled@outlook.com:MEEGoilandgas@0
jvt80388@gmail.com:4fedobafo
jvt80388@gmail.com:4fedobafo
hongsmos50@gmail.com:H
doquyduong123@gmail.com:Jpboss113
doquyduong123@gmail.com:Kpdvd123456789-
raiden2051@gmail.com:balanica1982
kuriadavid622@gmail.com:princessn123
ibenalla339@gmail.com:ilyasse7410
ibenalla339@gmail.com:ilyasse7410
jayydiccs@gmail.com:paradise
mohamadkadour82@gmail.com:mohamad321
joanmarti6@hotmail.com:caballo1
ibenalla339@gmail.com:ilyasse7410
eljamirv@gmail.com:i8F6S6cOs_suKJc
sahilnawale6670@gmail.com:sahil@6670
shashankmahnu@gmail.com:09876543
ahmed_karhate@gmail.com:le3mars1990ahmed
ahmed_karhate@gmail.com:le3mars1990ahmed
ahmm88@bk.ru:Ahmm191988
adamsuperje@gmail.com:AddEll69420
adamsuperje@gmail.com:AddEll69420
bruno.nunes206@gmail.com:gutojp1521
habibjee04@gmail.com:lalian1122
habibjee04@gmail.com:lalian1122
habibjee04@gmail.com:lalian1122
habibjee04@gmail.com:lalian1122
kuriadavid622@gmail.com:david.
yr260757@gmail.com:Yzrf
omari.byaombentalumanga@mytools2go.ca:Omari2018
priyvartraghuvanshi@gmail.com:oTxuZ7xjj@o5gQp
thyagoemanuell888@gmail.com:thyago888
thyagoemanuell888@gmail.com:thyago888
julianfranze2007@gmail.com:Donk0123
julianfranze2007@gmail.com:Donk0123
salihfaketaxi@gmail.com:senananyani123
hassanbajwa400@gmail.com:warzone400
santiagoalvarez05062000@gmail.com:123456789987456321
hamzauzair57@gmail.com:mmS1t76nR4L-gWO
tanjilurrahmanrafsi@gmail.com:Rafsi0192
marwanshref8@gmail.com:12345678902
luciaruizdiaz787@gmail.com:nintemdo12
mhrjankmahrgank@gmail.com:mohamed100
bilalsadke98@gmail.com:azer6129
bilalsadke98@gmail.com:azer6129
sabana.khanpathan7@gmail.com:?
sabana.khanpathan7@gmail.com:?
mraladam@gmail.com:aladib2411
ANTHONYINFO2@GMAIL.COM:0248703110
anthonyinfo2@gmail.com:0248703110
anthonyinfo2@gmail.com:akb63151000
anthonyinfo2@gmail.com:pbigrup20
naitiksalunke23@gmail.com:NAITIK4321
diago.cousta@gmail.com:khalighadwa
5ec528f67b@emailkom.live:C7XaDx-9N_Kd53F
estephanylatorre@gmail.com:josiaselmas166
luciaruizdiaz787@gmail.com:nintemdo12
mehdiwailnour@gmail.com:wail1927
mhrjankmahrgank@gmail.com:mohamed100
hoangkhai6p1@gmail.com:Minh
munozaranza651@gmail.com:axel82
akispavlidis54@gmail.com:geo-pol
diago.cousta@gmail.com:khalighadwa
5ec528f67b@emailkom.live:C7XaDx-9N_Kd53F
estephanylatorre@gmail.com:josiaselmas166
midoblack007@gmail.com:karimatcsf32005ahmed
Abvanix@gmail.com:Aaliyahismine10785
Abvanix@gmail.com:Aaliyahismine10785
bruno.nunes206@gmail.com:gutojp1521
bruno.nunes206@gmail.com:gutojp1521
mandeladongmo99@gmail.com:x0vGXYb!6Sn0paO
mandeladongmo99@gmail.com:x0vGXYb!6Sn0paO
mandeladongmo99@gmail.com:x0vGXYb!6Sn0paO
mandeladongmo99@gmail.com:x0vGXYb!6Sn0paO
cursosecia22@gmail.com:36212490
guilhermekolman@gmail.com:batman2020
bagasekasakti@gmail.com:bagas2002
ahmed_karhate@gmail.com:le3mars1990@hmeD
nontaskatsanos7@gmail.com:epi2580
hajmessaoudlouay@gmail.com:louay1234
hajmessaoudlouay@gmail.com:louay1234
escanorflame98@gmail.com:Wz051198#
mo0595720171mo@gmail.com:bY-hEAPa9Pvp_Uq
jeffboii700@gmail.com:Adrien2022
jeffboii700@gmail.com:jumeau
jeffboii700@gmail.com:Adrien2022
jeffboii700@gmail.com:jumeau
niabrendand@gmail.com:bridget2978
yogibishal09@gmail.com:kp8z77y3
lukanikanikaluka16@gmail.com:lukacho123
18389akashujjwal@apsmeerut.com:520721
18389akashujjwal@apsmeerut.com:Sagar@6245
guadatessa@hotmail.com:guadalupe408637
ricardoachterberg19@gmail.com:ricardo123?
ricardoachterberg19@gmail.com:ricardo123?
lpl172034@gmail.com:pwHr3TT8SfHe?7i
lpl172034@gmail.com:pwHr3TT8SfHe?7i
lpl172034@gmail.com:pwHr3TT8SfHe?7i
quyduongdo123@gmail.com:Kpdvd123456789
quyduongdo123@gmail.com:Kpdvd123456789
Kartikananda22@gmail.com:krtnnd2204
alperayvaz17@gmail.com:12321arda
boyrythm@gmail.com:bakpo123
fannyamalia306@gmail.com:FAKHRIrasyid120805
edermanuelfortundonais@gmail.com:eder1234
edermanuelfortundonais@gmail.com:eder1234
edermanuelfortundonais@gmail.com:eder1234
sebastiaobarbosagoncalves2@gmail.com:060813
angemondesiryvan@gmail.com:Mondesir2022
birisisisisi2021@hotmail.com:31013233101323
gabrielsilvaribeiro609@gmail.com:s@Vz_Nips_7w1qi
marwanshref8@gmail.com:12345678902
marwanshref8@gmail.com:12345678902
taa39860@gmail.com:gdG6zGJ_Taaw5sA
taa39860@gmail.com:gdG6zGJ_Taaw5sA
jawadezzaki060@gmail.com:jawadezzaki2002
omrangamer540@gmail.com:omrangg6655
taa39860@gmail.com:gdG6zGJ_Taaw5sA
taa39860@gmail.com:gdG6zGJ_Taaw5sA
thaisonfraga72@gmail.com:tha150n123@
thaisonfraga72@gmail.com:tha150n123@
compita0011@gmail.com:l.j.a70
anonimoanonimo74187@gmail.com:G09CLsT7!efWoPr
bruno12amaral12dias@gmail.com:kocELATd_XJ4-by
anonimoanonimo74187@gmail.com:G09CLsT7!efWoPr
bruno12amaral12dias@gmail.com:kocELATd_XJ4-by
geoffwyner@gmail.com:mX5mib-z5!C!3fW
fannyamalia306@gmail.com:FAKHRIrasyid120805
nichus6ytb@gmail.com:canela25
mibrahim74@yahoo.com:zbfqv9495.1d
ghazijenaid@hotmail.com:Ghh@@$$1071964
jebiot@gmail.com:#$/ВїcoNociApepA/_\[25demaYo]dE1991?/#!ВЎ
ben10.himadri@gmail.com:himadrisekharmondal@wp810oddxz$Вў^В°
syrianrevoforever@gmail.com:F123321!f
syrianrevoforever@gmail.com:F123321!f
olimcarvalho@iol.pt:Haoc1977
olimcarvalho@iol.pt:Haoc1977
ghazijenaid@hotmail.com:Ghh@@$$1071964
ellobo2003@hotmail.com:boston617
ellobo2003@hotmail.com:boston617
baby.vendas.closet@outlook.com:Baby@com
soidmagnum@gmail.com:kkgnet48
giannivalerio20@gmail.com:Pvlr57rt@
Canforaroberto@gmail.com:Ciccio20074!
giannivalerio20@gmail.com:Pvlr57rt@
srdjandinic@gmail.com:benq1234567890
mo7ammedsingle4ever@gmail.com:mo7ammed1
redsamurai23@yahoo.com:Lindell02314
treysi_15@hotmail.com:treysi0715
Randolphoverton@gmail.com:ramdy1220
Randolphoverton@gmail.com:ramdy1220
Dieale08@hotmail.com:laulua0802
samia.98@hotmail.com:jean98
biaah_santos@outlook.com:diasdeluta89
ariel_santos2011@hotmail.com:fabioluiz
alex2guachalla@gmail.com:6882979Lex
earth_hipan@hotmail.com:0900807221
earth_hipan@hotmail.com:Earth0900
johanna.frias.h@gmail.com:Danmor3012
events2evolution@gmail.com:fuckmeifyoucan69
fahd1417@gmail.com:ha0563513181
Dolunay.exe@hotmail.com:Ap23122011.
info@tabacojujuy.com.ar:Tabaco2022
guillaumeteel@live.be:Pipette@59
paulojorgecorreia@hotmail.com:Tomas2017.
farukgaya753@gmail.com:Vv3jo4B3h_LE_u-
tisarneppop@gmail.com:@Nyhccrew76
Helix2022@outlook.de:Cybernetics12
billvas216@gmail.com:fckuall0832
billvas216@gmail.com:fckuall0832
aviper29@gmail.com:a031267
narutootaku.h@gmail.com:JoaquimSouza3003
ikinciyazmabunu@outlook.com:parola12
villamotors@hotmail.com:mezclas80
ivo.mavrud@gmail.com:apr0p0_12
naruko369@gmail.com:Y.B.wqrroetiy
Bastianramirez303@gmail.com:vardoc1ice
ufukyigit397@gmail.com:aynur2357
elflakotattoink@hotmail.com:Ambar0609
sardar.zilam198@gmail.com:SardaR@12M
edtako@gmail.com:30160630Ed!
fabioramoscooper.fr@gmail.com:gurkamaster1970
fabioramoscooper.fr@gmail.com:gurkamaster1970
fabioramoscooper.fr@gmail.com:gurkamaster1970
composturas@rubioyroldan.com:quela1971
raquel@rubioyroldan.com:quelaruyro
info@rubioyroldan.com:quela1971
composturas@rubioyroldan.com:quela1971
info@rubioyroldan.com:quela1971
info@rubioyroldan.com:quela1971
composturas@rubioyroldan.com:quela1971
raquel@rubioyroldan.com:quelaruyro
composturas@rubioyroldan.com:quela1971
info@rubioyroldan.com:quela1971
info@rubioyroldan.com:quela1971
raquel@rubioyroldan.com:quelaruyro
composturas@rubioyroldan.com:quela1971
composturas@rubioyroldan.com:quela1971
info@rubioyroldan.com:quela1971
plahotniyyy@rambler.ru:plahotniyGuf91
theboss3338@gmail.com:2hhijax6*?tXaU5
plahotniyyy@rambler.ru:plahotniyGuf91
rey_hammer07@hotmail.com:tattooartist07.
rey_hammer07@hotmail.com:tattooartist07.
benbmail82@googlemail.com:laptopsummer82
yousef.nady70@gmail.com:14121998(Yousef_Messi)10
yousef.nady70@gmail.com:141998(Yousef_Messi)10
leodjofficialbochka@gmail.com:Technolegobochka24.
aula.ekonomi@gmail.com:zozzor-8kosmu-gadmeD
maximo911@gmail.com:maximo911
maximo911@gmail.com:maximo911
maximo911@gmail.com:maximo911
educmj22@gmail.com:eduardo22
jcmr22tigre@gmail.com:JUCAMORA1967..
eslam.massoud84@gmail.com:eslam_01141806344
jllacan@hotmail.com:1966*Asys
davidapetrei22@gmail.com:Davidapetrei800@
srdjandinic@gmail.com:@Instagram@1954
srdjandinic@gmail.com:Instagram@123
srdjandinic@gmail.com:Instagram@123
badr.alakel@gmail.com:badr@1399
turnpro11@gmail.com:inter2768358
bebeton08@gmail.com:0883027103
sweet_whan_whan@hotmail.com:032601322
parinya.champ@gmail.com:abcDEF00
sniper_fi@hotmail.co.th:!PuPongza0804995445
xmea1907x@gmail.com:Af852400
thuliomax@yahoo.com.br:Tulin15091995
kuhlulla@gmail.com:38647264
abilal_afd@yahoo.com:Afridi27
aa0507120770@gmail.com:0507120770
caciquetulian@gmail.com:X5118lat!
agustin.ternasky1990@gmail.com:34811647rat
educmj22@gmail.com:eduardo22
Amrinhridh23@yahoo.com:Asiabegum1998
rabiulawalemon676@gmail.com:emon@098
valentin.k.marinov@gmail.com:CT%38&76BA
krahkooy@gmail.com:flower1477
krahkooy@gmail.com:flower1477
gamee_good@outlook.com:Peterson18
Drag_dragos88@yahoo.com:dragos112A
vanderson2004@hotmail.com:ios84730948
22alexandraestrada@gmail.com:22union2024
jcmr22tigre@gmail.com:JUCAMORA1967..
maximo911@gmail.com:maximo911
maximo911@gmail.com:maximo911
maximo911@gmail.com:maximo911
gokaynasli1@gmail.com:gkyefe4545111324782626
quluhuseyn95@gmail.com:Qulu7795/95/95.
reinaldo.edson@gmail.com:corugito1
pagos@legalisservitium.com:Mao112687*
movimentomotoristas@hotmail.com:2vF88nK3SNbXf.b
Jessicamariademelo@hotmail.com:jaumirdemelo
ronaldosilva4780@hotmail.com:sabesp2018
ronaldosilva4780@hotmail.com:sabesp2018
Sobolicmiso@icloud.com:Kokotko1234
marbasagoiti@gmx.com:Salami0000@
oscarrenedo@gmx.com:SalamiG4
01.abadcj@gmail.com:Salami00000
contact@vitricom.net:VitriCom50@
mohdmostafaosman@hotmail.com:251073
mohdmostafaosman@hotmail.com:251073
mohdmostafaosman@hotmail.com:251073
mohdmostafaosman@hotmail.com:251073
mestrecleltonn@gmail.com:Terra2244qwe123!@#facebook
mestrecleltonn@gmail.com:Terra2244qwe123!@#facebook
albertelgris@hotmail.com:teresa2020
albertelgris@hotmail.com:teresa2020
albertelgris@hotmail.com:teresa2020
albertelgris@hotmail.com:teresa2020
endurocrossriocuarto@gmail.com:urucure99
endurocrossriocuarto@gmail.com:urucure99
endurocrossriocuarto@gmail.com:urucure99
endurocrossriocuarto@gmail.com:urucure99
endurocrossriocuarto@gmail.com:urucure99
endurocrossriocuarto@gmail.com:urucure99
dzl2009@hotmail.com:MYLORDGOJESUS
imaginebrink@gmail.com:EMPTY
imaginebrink@gmail.com:Fer91243208
t-hadi@HOTMAIL.COM:Hadi1411
shahbazzhd@gmail.com:$H@eB!224
marianavarro.63@Gmail.com:navarro805
marianavarro.63@Gmail.com:Navarro36
samera_sa61@yahoo.com:Yousif2020A
samera_sa61@yahoo.com:takkebirzi@gufum.com
Magalisugarte.@gmai.lcom:14297486
nycolassantos286@gmail.com:30695
coruja_lu@hotmail.com:coluBarao03h
vmtofa@hotmail.com:08704698860@Kayo23121987
btp_producer@hotmail.com:Megustacantar123
benjaminnilsson@hotmail.com:rAvNY@nu6VliQaD
benjaminnilsson@hotmail.com:wallar82
benjaminnilsson@hotmail.com:rAvNY@nu6VliQaD
benjaminnilsson@hotmail.com:wallar82
fernanda.rhglobal@gmail.com:Pa55w0rd
paulcremins96@gmail.com:moha1234567890
francesco_sansone@hotmail.com:fralta80
msch6796@naver.com:moon640434*
emanuelbanda@live.co.uk:i@RcTFNLhZ5BXkH
lardjanepopopopopo@gmail.com:2001010
qataso7@gmail.com:Tasoo373!@#$
qataso7@gmail.com:09250925by
mienshan5211@gmail.com:mienshan159306
zahraa1211981@gmail.com:IAmNotPlayingTheseGames121
david17933971@gmail.com:Dav1dc1t02117
palka_robert@yahoo.com:hugsep-rUwkir-6supgo
nawnaw.nayyan@gmail.com:144154265204
yuriarthur2011@gmail.com:2264523Yurii
andrepantalla01@gmail.com:Paraguay1011.
cezarmop2@hotmail.com:master10
colibabiancaelena@gmail.com:bianca21
masamman1148@gmail.com:00140200
info@motorhuislelystad.nl:Wiellager77
orhan_hazan@hotmail.com:062807068
cheriftazir@gmail.com:234599
naruko369@gmail.com:Y.B.wqrroetiy
Bastianramirez303@gmail.com:vardoc1ice
tengoeradze@gmail.com:9pingvini
keith_zurita@hotmail.com:joshenhans1980@@
imec.mirage@gmail.com:adminimecbaru
cafecinta.tc@gmail.com:Enaklezat1
gyasserarafat@gmail.com:rainy~92^7
norival@lavironfotografias.com:nori102030
norival@lavironfotografias.com:nori102030
tengoeradze@gmail.com:9pingvini
y.toufelaz@maroc-bakertilly.com:Y.toufelaz123
koraiche.elmehdi@hotmail.fr:midowz123456
koraiche.elmehdi@gmail.com:MEHDIKR123
rinelle95@gmail.com:8632
paulojorgecorreia@hotmail.com:Tomas2017.
gustavobulos8@gmail.com:FelipE-2023BU
jorgealberto2626@hotmail.com:FelipeBu28
pablobasgall@hotmail.com:1029384756qwerty
pablobasgall@hotmail.com:1029384756qwerty
dandaleal23@gmail.com:luisfernando1709
cs_imformatica@hotmail.com:rinode@2017
glauci28@hotmail.com:167802,
dmc.danilo@gmail.com:Sghgti5500b
ronaldo.vbnet@hotmail.com:Adm3mx+6
ronaldo.vbnet@hotmail.com:Adm3mx+6
srui4598@gmail.com:xBvufGri-cZZn9R
brenogomescotta9@gmail.com:Breno.cotta2006
samera_sa61@yahoo.com:samerbone
alex_allpro@hotmail.com:Jose32630115533
adelin191317@abv.bg:dracula
atif.jilani@gmail.com:tinka_tinka1149
pikamankk@gmail.com:undertale2
thiagogt32@gmail.com:19thiagopy
garciathiagopy@gmail.com:Garcia2005
shahbazzhd@gmail.com:creation462
marianavarro.63@Gmail.com:navarro36
samera_sa61@yahoo.com:samerbone
nycolassantos286@gmail.com:nyck26danorte!!!
coruja_lu@hotmail.com:luiz03h
imaginebrink@gmail.com:EMPTY
imaginebrink@gmail.com:Fer91243208
m_muz83@yahoo.com:citibank2020
sergeqmanr@gmail.com:wEK-Ybs-4HD-Ry9
ivonaldo.sa@gmail.com:051090
razasaddozai@hotmail.com:ARK25021981SB
paulnicholaus2@gmail.com:16111992
paulnicholaus2@gmail.com:16111992
moises.bandeira@yahoo.com.br:Julinha@2005!
fmmichaelnirschl@gmx.at:Gerlinde212??
fmmichaelnirschl@gmx.at:Gerlinde212??
fmmichaelnirschl@gmx.at:Gerlinde212??
fmmichaelnirschl@gmx.at:Gerlinde212??
fmmichaelnirschl@gmx.at:Gerlinde212??
david_por_2009@yahoo.com:davidmrmr
david_por_2009@yahoo.com:davidmrmr
furia3000@hotmail.com:chuchinbarrios
furia3000@hotmail.com:4958953djbc
furia3000@hotmail.com:4958953djbc
soldermaewza@gmail.com:Aoomaoom99
jesty07@hotmail.com:arielsalas0730
jazarcomartin@gmail.com:antoniozarco41
and.manente@bol.com.br:matheus2304
sergios59@uol.com.br:gata60
sergios59@uol.com.br:gata60
sergios59@uol.com.br:gata60
matheus.batistaa@gmail.com:matheus26
albertoantonio1977@gmail.com:hernandez77
albertomario7719@gmail.com:Atlantico2018
decherradi@gmail.com:Dino99Eddine052499
gfuengfu@gmail.com:KrisFueng
mobilography2@gmail.com:k!MfqU!52vtnXsi
sougatasau3@outlook.com:Asdfghjkl143@
k0unter@yandex.ru:daneksokol007
best.pipat@gmail.com:085123
best.pipat@gmail.com:085123
best.pipat@gmail.com:085123
Burnett.Lois@yahoo.com:Leshawn97842ioul428
opinali@gmail.com:olivaw
opinali@gmail.com:olivaw
jcbellisimainteriors@gmail.com:Aerosmith5306#
shenantony9069@gmail.com:anthonY0026
iqbalsonic@yahoo.com:nokia7404
gharbiamine013@gmail.com:Amine216
nicholekitishian@gmail.com:Official2.
me@stevenli.net:Adgjl13579!
qafleshiv@gmail.com:Vullnet34%12#
creativemedia.devs@gmail.com:Vullnet11#07%
creative4seo@gmail.com:seo1234th
yoncaoruc@hotmail.com:yonca1984
d971879119@gmail.com:D123358996
ondrej.marsalek.main@gmail.com:TSdsvhzek0986+-&_$#@6709
asta79936@gmail.com:EMPTY
ferensovisk@gmail.com:09121997
barkaamin999@gmail.com:eddyyt2008
adam@infinityfestival.com:GlassTable2021!!
luismaelsena502@gmail.com:jerico5670
vidpremium514@gmail.com:premium514
eletronica002@gmail.com:1942
hsanchez60@gmail.com:07julio1958
pacogonzalez59@gmail.com:pacopaco1959/
pacogonzalez59@gmail.com:Paco1959/
maria.sayanmorales@externos-ar.cencosud.com:Konecta1*
wedsonramos27@gmail.com:92985095wedsonN
iraelsonbg@hotmail.com:re19111985
neliamarinamedinalopez@gmail.com:U@q9dLVS
kabbaj.ghali06@gmail.com:63125987
dubest1970@gmail.com:Mariagaspar55.
gyasserarafat@gmail.com:rainy~92^7
imec.mirage@gmail.com:adminimecbaru
cafecinta.tc@gmail.com:Enaklezat1
fjavier.moreno@hotmail.es:F30801109s
sl7@live.com.ar:mercurialslseven
al_bawe@yahoo.com:passenger
cemmds@live.fr:19570518
oscarrosado_122@hotmail.com:62323256asdzxc
ghsgamersuper@gmail.comae:A3p6-gz7z$_!_Nv
edugalarce@yahoo.com.ar:919191
0darkweb00@gmail.com:kaydoAZOM123456
wikrom_p@hotmail.com:wk123456
francesco_sansone@hotmail.com:fralta80
masamman1148@gmail.com:00140200
crepefrito@live.com:proerd10
Renato.sublimme@gmail.com:renatosublime
mourakatielle26@gmail.com:nEdaswix0
restauracaoevidaigrejabatista@gmail.com:072012
benpreising@gmail.com:tahpux-zibsY6-gufhib
rodrigo.mcha@hotmail.com:Nayellialli24191122#
anadalinger@gmail.com:Iana1910
annabellac212@gmail.com:ElLider2020
abbas1984.2013@gmail.com:abbas1984
alleyzderland9999@gmail.com:Babikausialpukimak
watana119@gmail.com:0899233246
Rudy.zaglez85@outlook.com:nx7eps3F!-4mvY2
teerajuk@gmail.com:Vc77g82H
kadirhankaraa@gmail.com:Kadirhan3655.
rodrigo.mcha@hotmail.com:Nayellialli24191122#
luismaelsena502@gmail.com:jerico5670
jenniferkellye@hotmail.com:142536
kunalradake@gmail.com:Dilip@01
omaremad82@mail.ru:hotmail2003
omaremad82@gmail.com:hotmail2003
markopatrick96@gmail.com:Teelicht1
rodrigoavilaprensa@gmail.com:Santander59
juanantoniocartaya@hotmail.com:29489057#Jj
naveenrao8801@gmail.com:naveen88
Rudy.zaglez85@outlook.com:nx7eps3F!-4mvY2
teerajuk@gmail.com:Vc77g82H
ttarjana@gmail.com:T1biT1jeT1lu
sivaharishmeme@gmail.com:aD8jU5rPKPmAG68
jady444@gmail.com:R.j24492
arch.ferraro@stileinterni.it:caneteo17
arch.ferraro@stileinterni.it:caneteo17
abu-sham-xx@hotmail.com:mmmaaaxxx
abu-sham-xx@hotmail.com:mmmaaaxxx
ninja_warrior5087@yahoo.com.my:naka930323
ninja_warrior5087@yahoo.com.my:naka930323
kobyblaze@yahoo.com:kabiru1993
kobyblaze@yahoo.com:kabiru1993
collorking@gmail.com:ramanuJ$%903
collorking@gmail.com:ramanuJ$%903
awija@hotmail.com:Aa123456789
tannerrodden1993@gmail.com:makinthatdough
vyrtus.co@gmail.com:Ursinho99
loca123jojo@gmail.com:panconTE45
loca123jojo@gmail.com:panconTE45
loca123jojo@gmail.com:panconTE45
loca123jojo@gmail.com:panconTE45
jmcestrela@gmail.com:manteigas
melirezzia@gmail.com:15690840
santy762@gmail.com:inkuyamaa
melirezzia@gmail.com:15690840
ministerioplan@gmail.com:Planes2020
suyatno007008@gmail.com:1317303217
usa.jane@live.com:oliMJ6283
usa.jane@live.com:oliMJ6283
lincondhuynh@gmail.com:cakiem12
daviluchi028@gmail.com:4201Andrea
compot.compot3@gmail.com:Colo2020?
medo@arabmoheet.net:wertyuio
ahmedtharwat19@yahoo.com:Mr@#$234
medo@arabmoheet.net:wertyuio
ahmedtharwat19@yahoo.com:Mr@#$234
msndir1587@gmail.com:msndir1571
corcomunicacaovisual@hotmail.com:Brt20!@#
corcomunicacaovisual@hotmail.com:Brt20!@#
corcomunicacaovisual@hotmail.com:Brt20!@#
corcomunicacaovisual@hotmail.com:Brt20!@#
mhmed777@gmail.com:822822ss
mhmed777@gmail.com:822822ss
yassineelbaghdadii@gmail.com:yassine12345
danielcrf89@bol.com.br:74350137d
muaazenzalia@gmail.com:dfawewaweda
muaazenzalia@gmail.com:NarutoGokuLuffy123
goodwhenbad667@outlook.com:DavesCutlass85
goodwhenbad667@outlook.com:DavesCutlass85
barteskisdave@yahoo.com:Daves85Cutty
stan197081@outlook.com:DaveandSue
tnow55846@gmail.com:Lassosa##00
tnow55846@gmail.com:Lassosa##00
luismaelsena502@gmail.com:jerico5670
ctrlhttps@gmail.com:ck4/24142414241424142414
mhmed777@gmail.com:822822ss
mhmed777@gmail.com:822822ss
karlos_brown14@hotmail.com:birinbao
Ann9102@mail.ru:753357
nizhegorodov.roman@yandex.ru:Nizhegorodov1991
Ann9102@mail.ru:753357
nizhegorodov.roman@yandex.ru:Nizhegorodov1991
nirdhumshah369@gmail.com:DHUM$245369
sz.putowski@gmail.com:Gizmo2009!
erukutana@yahoo.com:234ererer
omaterk0@gmail.com:Mateja23
josias4-ql@outlook.com:Abdiel2004
titeutobias@gmail.com:nelnetnp008
jonas.lovatica@gmail.com:Demetria4
oskar_zase@hotmail.com:zase2006
mmmaajith@gmail.com:anhenun234
mmmaajith@gmail.com:marz00k!@#
jrnichols30@gmail.com:redskins30
hosting.lehnyak@gmail.com:lehnyackvitya3000
lehnyak.viktor@ukr.net:30002008z
jackclick@hotmail.co.th:JLoveTall
catalu32@gmail.com:gasper02
hawre25@hotmail.com:compaQ2@@
dr_mahmoudahmedsaad@yahoo.com:m8026262
shaishemi@gmail.com:30password
evikamilda@centrum.cz:Milda
jaysondhuffman@gmail.com:Wannaplay
diegofernandosoto@gmail.com:helpme
semaqq@hotmail.gr:braZz4rs
kywee0320@gmail.com:dwky7980ic
pond.freedom@hotmail.com:3920232222
vizmegdivljak@gmail.com:mojbratderac234
Youneshtc2@gmail.com:23456azert.
angiita_s@hotmail.com:holacomoestasbienyvos99
unmask.group@gmail.com:cf9Y%EzU9;p?Epu"
maxhoerler@gmail.com:200ebenz
barbiereiter@gmail.com:hugo5love
poczm234@gmail.com:GZghgin
extremtmnt@gmail.com:3806032y
pa.rock_plus@hotmail.com:00232438
gerrit.poot@outlook.be:kipke3004
elflakotattoink@hotmail.com:Ambar0609
njouard@gmail.com:Espiet33
pasztorabel209@gmail.com:P4szt0r4b3l109@
nanipasta@yahoo.com:Ibrahim3346
ZZOKZZ@GMAIL.COM:S23232323m
zzokzz@gmail.com:2323s2323
zzokzz@gmail.com:S12121212m
jandoluis92@gmail.com:gordo123
brebeneldragosandrei@gmail.com:kevin_1_man
spiritypfdarness@gmail.com:89685926
kenanmult@gmail.com:KenanBaKu
whudat4ife@gmail.co:MZH26Gc!d6HE5iP
rodrigo.mcha@hotmail.com:Nayellialli24191122#
rodrigo.mcha@hotmail.com:Nayellialli24191122#
bjm02169@gmail.com:pookie91
kenanqezer@gmail.com:qezerfamily3086
yohoo217@hotmail.com:threeean840217
h062356481h@yahoo.com.tw:jack50287
elaine279926@gmail.com:elaine727
salahmohdbaw@gmail.com:Aden216
captandeadpool85@gmail.com:xntn2697CJHOME
JM_jose@hotmail.com:Joselito1649@.
nycolassantos286@gmail.com:nyck26danorte!!!
joaopaulo.menezes@live.com:Heitor270319
ghsgamersuper@gmail.comae:A3p6-gz7z$_!_Nv
gabrielnobre@hotmail.com.br:gabriel7845
wesleytecnosh@gmail.com:wesleycardoso
adarmcompras@gmail.com:@Apologabrielmoreira120983!
norival@lavironfotografias.com:nori102030
ivanetecontatos@gmail.com:yasvamp
ivanetecontatos@gmail.com:SZ_6eTBYq@w9y99
robsonac@hotmail.com:Z3ld4d0g
dzl2009@hotmail.com:MYLORDGOJESUS
coruja_lu@hotmail.com:luiz03h
jailsontavares262@hotmail.com:Japaloko4321
imaginebrink@gmail.com:EMPTY
imaginebrink@gmail.com:Fer91243208
vmtofa@hotmail.com:08704698860@Kayo23121987
adtsiraja@gmail.com:iraja267
christian.aguiar@gmail.com:oCa_Ad6uQTT9GMJ
seriousfreedom@yahoo.com:Ozarks@2022
seriousfreedom@yahoo.com:Ozarks@2022
djwillianoficial@yahoo.com.br:56799433dj
abu-sham-xx@hotmail.com:mmmaaaxxx
carlocervellera@yahoo.it:8sSUbk!9y8wHEN2
carlocervellera@yahoo.it:8sSUbk!9y8wHEN2
carlocervellera@yahoo.it:Paola1974
peddycontented@hotmail.com:921277KerJ***&7
tailoring24.7@gmail.com:89@IpksTN1#
xamoozoffi@gmail.com:20081607Lw/
zseapublique@gmail.com:20081607Lw/
lara.clan@gmail.com:chilo2010
admin@hartmannemcasa.com.br:hartmannemcasa123
deejaynabi@gmail.com:ajazkhan
ermanserin@gmail.com:bjk190306et1903
stolebrestovac@gmail.com:acamilos
roheey6@gmail.com:amsa31
baselemad09@gmail.com:hBwa$rNGrJw-k-AF7G2CIm@
shpatel06062006@yahoo.com:shivpatel
thew1for2@gmail.com:geojeo8811
michihokuboyama@outlook.jp:weep340JAMB
mkuboyama2040@gmail.com:wr!GPFdQhE9n5_H
elian_quiroz_julio@hotmail.com:770921Eli,.
mafla.criss@gmail.com:jamielynnspears14
gintokiland0125@hotmail.com:Ligacampeon1
ventasmarcsol@hotmail.com:Marcmktsol2023
rodrigo.mcha@hotmail.com:Nayellialli24191122#
juliojc7443@gmail.com:Julios8627128886
subjectcw@gmail.com:Cjas432305.
cococoraldi@gmail.com:griceldA
go.muski17@gmail.com:magic1297*
milolatepic@hotmail.com:milola99
campos.martinj@gmail.com:Babitas01
pabblo585@gmail.com:mortalkombat
benjaminnilsson@hotmail.com:rAvNY@nu6VliQaD
benjaminnilsson@hotmail.com:rAvNY@nu6VliQaD
familystudio22@gmail.com:gtSJNQYS26LB@BN
jentel_s2006@hotmail.com:some0536891448
jentel_s2006@hotmail.com:some0536891448
jentel_s2006@hotmail.com:some0536891448
marcogiliberti04@gmail.com:P4p4Fr4nc3sc0
rafaelmax987@gmail.com:rafaelmax
desire-6@hotmail.com:ESTher1975@
Jaykai27@gmail.com:Sr!_6XtJVsbz$LY
masamman1148@gmail.com:00140200
zii@wa.home.pl:Basia7753
serdarozemir@hotmail.com:allahuekberr
krishnendupal2023@gmail.com:2023@Bubai
omaritafti2009@gmail.com:Omar28/02/2009
sefaemlak01@gmail.com:6070020
channy.code@gmail.com:code1234567
r-silva1997@hotmail.com:rafaelsilvaa
mrteamtoss@gmail.com:Aaliyah187!
mrteamtoss@gmail.com:TeamToss187
samuelnakamura1000@gmail.com:andy417
samuelnakamura1000@gmail.com:tomodashi
aidenuky@gmail.com:Dale1234
zachyraven@gmail.com:iel062306
dues34@hotmail.com:ASDgamgam269
dues34@hotmail.com:ASDgamgam269
naruko369@gmail.com:vardoc1ice
Bastianramirez303@gmail.com:Y.B.wqrroetiy
oyo31@hotmail.com:))?Da45=r^qkNvb776
oyo31@hotmail.com:))?Da45=r^qkNvb776
jackerjigsaw@hotmail.com:Ig@Fb14235991
emrah.gukrer@gmail.com:vNASs8cnq6G3u-K
emrah.gukrer@gmail.com:vNASs8cnq6G3u-K
jonaschabimbi123@gmail.com:Mendes7teen123xD
tovumb@gmail.com:Umbe1958
tovumb@gmail.com:Umbe1958
asido@ukr.net:asido80449465276
rudik81@ukr.net:m3any4
mohamaddaher113@gmail.com:lDFQbIsh4@5mXk-
illyua260606@outlook.com:260606illya
cherepilya@outliik.com:Dr9W@C5M@@Hhr+L
chrepanovilya@gmail.com:r6N5azBsxD274bV
cerepanovila13@gmail.com:260606IC
illyua260606@outlook.com:260606illya
mumu_tarn@hotmail.com:024581601
litamimi06@gmail.com:oppaloveme6
sirinejung@gmail.com:Yonghwa1
martsaudiovisual@gmail.com:Shambala@3
IGEL.TECHNOLOIGY.CORPERATION@protonmail.com:SFG1@nts
true2few@gmx.com:Skyballer4545
angeljavierayala06@gmail.com:javierito24
angeljavierayala06@gmail.com:javierito24
roxinoll@hotmail.com:colhordo1917
roxinoll@hotmail.com:capoeira17
roxinoll@hotmail.com:colhordo1917
roxinoll@hotmail.com:capoeira17
roxinoll@hotmail.com:capoeira
roxinoll@hotmail.com:colhordo1917
admin@hartmannemcasa.com.br:hartmannemcasa123
summerwoodbyjg@gmail.com:Summer0716
apoll07marcelo@gmail.com:32328692
marxiesm.5@gmail.com:tata123%
paradigmshiftKAN@gmail.com:2738311550
jazarcomartin@gmail.com:antoniozarco41
jaimesan37@hotmail.com:suramericana2020
valeriopignarberi@yahoo.com:Admin1997*
bambilovely1989@yahoo.com:MLDT63106789
vittconsultoria@gmail.com:210503Da@
guilherme.longo1999@gmail.com:Guizinho12
mostafamohamed25@outlook.com:Mostafa01096696596
toha.stark@gmail.com:password13579
nancy@smithtribe.com:24Goodchap
mercedes_7@windowslive.com:123456
tebraxmedia@gmail.com:bocajuniors110
perezcecilia@gmail.com:Febrero2023
geoacosta_76@hotmail.com:mima1934
marioruizvargas@hotmail.com:maritomrv
mlunach13@gmail.com:Camila1987
Lovehaert2001@gmail.com:tt@@29111976
tawfiq_2001@hotmail.com:900396847
nurmatoff25@gmail.com:nurmat_off_2022
Fssoluciones12@outlook.es:DXDIAGHG00
carancho-car@hotmail.com:2400.240...
andrewphirij1@gmail.com:Nyali3sand
wasu_h@hotmail.com:0858084484
alejo265@hotmail.com:554437
lioness444444@yahoo.com:LockyLocks
doi_ov63@hotmail.com:0896626688
avenutrition.coapa1@gmail.com:Cuerpo&Mente…2024
campossuprimentosindustriais@gmail.com:ph050486
veigacampos86@yahoo.com.br:pedro05041986
ernane.benigno@gmail.com:161925
ernane.benigno@gmail.com:[@txthead
veloxnfs@hotmail.com:050483
veloxnfs@hotmail.com:050483
mexicanbeetv@gmail.com:Goldmember89
altarocca@alice.it:lillolullo
arafique@hotmail.com:dattapara60
ivanetecontatos@gmail.com:yasvamp
sohailycious@gmail.com:ZoCHPkF_3iUsnRs
ivanetecontatos@gmail.com:Malagutti05032006@!
reubenbrooks@yahoo.com:EMPTY
samiralhasan233@outlook.com:mnt3tmyfJcs9
mimicoescuro@outlook.com:HXHSK123H!@#$eSA
francesco.giuberti.fg@gmail.co:franxe63
little.john.clancey@gmail.com:1593339
mesutpadar@gmail.com:mesut640628
capturemoment30contacto@gmail.com:Momentoxd3511697165JJ
mozmen_love73@yahoo.com:zoamen
hubmatick_latina@outlook.com:Timka291297!
adiarys_90@hotmail.com:EMPTY
hubmatick_brownsugar@outlook.com:Timka291297!
a138900245@gmail.com:138900245
pkxz.gabriel@gmail.com:meupau123
janetannc@yahoo.com:janetannsaysoncasinillo
yasseralsharrah@yahoo.com:9698866yY
darknessangel888@gmail.com:2002Nyack45#1952
the_xenon@naver.com:4325k2
biotrabiotra@inbox.lv:19881988B
taber9876@gmail.com:youimkos
monikaramyalatha@gmail.com:Vgsd2004
biotrabiotra@inbox.lv:19881988B
alejandro.medi10@gmail.com:gale1022
abilal_afd@yahoo.com:freemahol
kuhlulla@gmail.com:38647264
kuhlulla@gmail.com:38647264
Renato.sublimme@gmail.com:renatosublime
daniel.ma.go@hotmail.com:21061960
biotrabiotra@inbox.lv:19881988B
musikmayjay1979@outlook.com:Music8792!@#
entae27@aol.com:@Introverted@39
info@universalcareservice.com:yash_pharma55
ayvazteknolojitasarim@gmail.co:Elif13
ayvazteknolojitasarim@gmail.co:02011989
a3382246@gmail.com:sanssans11
obiri_8@hotmail.com:qmmecd4-
obiri_8@hotmail.com:dingile
EllelaZena@gmail.com:Shawkat2015
anthea3150@gmail.com:Ab031572
ryan20914ryan@gmail.com:20914Ryan
ryan20914ryan@gmail.com:20914Ryan
medyassine.mankai@gmail.com:boumaryoul
medyassine.mankai@gmail.com:boumaryoul
medyassine.mankai@gmail.com:boumaryoul
medyassine.mankai@gmail.com:boumaryoul
medyassine.mankai@gmail.com:boumaryoul
medyassine.mankai@gmail.com:boumaryoul
alsayedtravel@live.com:66785151
alsayedtravel@live.com:66785151
bruno7557@gmail.com:13musicas13
vick_vitoria7@hotmail.com:kjlvltaa88
alsayedcruise@gmail.com:22400100
alsayedcruise@gmail.com:22400100
bruno7557@gmail.com:13musicas13
mordayz00@gmail.com:jessicanice
bruno7557@gmail.com:13musicas13
bruno7557@gmail.com:13musicas13
mordayz00@gmail.com:jessicanice
mordayz00@gmail.com:jessicanice
vick_vitoria7@hotmail.com:kjlvltaa88
mordayz00@gmail.com:jessicanice
bruno7557@gmail.com:13musicas13
mordayz00@gmail.com:jessicanice
mordayz00@gmail.com:jessicanice
vick_vitoria7@hotmail.com:kjlvltaa88
alsayedtravel@live.com:66785151
alsayedcruise@gmail.com:22400100
mordayz00@gmail.com:jessicanice
vick_vitoria7@hotmail.com:kjlvltaa88
mordayz00@gmail.com:jessicanice
alsayedcruise@gmail.com:22400100
alsayedtravel@live.com:66785151
bruno7557@gmail.com:13musicas13
mordayz00@gmail.com:jessicanice
bruno7557@gmail.com:13musicas13
mordayz00@gmail.com:jessicanice
alsayedtravel@live.com:66785151
alsayedcruise@gmail.com:22400100
bruno7557@gmail.com:13musicas13
alsayedtravel@live.com:66785151
mordayz00@gmail.com:jessicanice
mordayz00@gmail.com:jessicanice
bruno7557@gmail.com:13musicas13
alsayedcruise@gmail.com:22400100
bruno7557@gmail.com:13musicas13
lojaceus.com.br@gmail.com:2090@lojaceus
candiamaria@ig.com.br:rodrigo
mariawislaiany@gmail.com:lalaira2010
anarkhya@hotmail.com:uglyugly
yara.aljneadi@gmail.com:Yara@1988
educmj22@gmail.com:eduardo22
soyadriancho007@hotmail.com:Reyes20910818
biotrabiotra@inbox.lv:19881988B
kuhlulla@gmail.com:38647264
imdatgulhan@outlook.com:bl37491661.
minh4893cg@gmail.com:Minh4893
minh4893cg@gmail.com:Minh4893
kawan.sherwani@yahoo.com:837370k
kawan.sherwani@yahoo.com:837370k
jailsontavares262@hotmail.com:Japaloko4321
jandoluis92@gmail.com:gordo123
rodrigo.mcha@hotmail.com:Nayellialli24191122#
dubest1970@gmail.com:Mariagaspar55.
agustin.ternasky1990@gmail.com:34811647rat
robsonac@hotmail.com:Z3ld4d0g
luismaelsena502@gmail.com:jerico5670
paradigmshiftKAN@gmail.com:2738311550
naxio1212z@gmail.com:196223975
francisco.vergara14@gmail.com:Nakakojo0917
dis54aughu@imperium77.xyz:Disney21
jorgehxh@gmail.com:qwer12
ahmed.3abed2000@yahoo.com:501660
ar3770@hotmail.com:univer37
apoll07marcelo@gmail.com:32328692
paradigmshiftKAN@gmail.com:2738311550
totxtusublimacio@gmail.com:AinhoaAinhoa1624+
totxtusublimacio@gmail.com:AinhoaAinhoa1624+
neguinholucas1995@hotmail.com:lucas1995
carol_pedroejulio@hotmail.com:p3dr03jul102011+
clashhidayet@gmail.com:pagedown09
hugohdioso@gmail.com:Ferrarif1
bambilovely1989@yahoo.com:MLDT63106789
mostafamohamed25@outlook.com:Mostafa01096696596
muammarfhais@uitm.edu.my:Fhais2387
muammarfhais@gmail.com:MuammarFhais2387
muammarfhais@gmail.com:Fhais2387
muammarfhais@gmail.com:Fhais2387
muammarfhais@uitm.edu.my:Fhais2387
muammarfhais@gmail.com:naruto87
orandann@hotmail.com:ncyc2791
orandann@hotmail.com:mai11111
juanjovelmira@gmail.com:SAMMYLove
juanjovelmira@gmail.com:SAMMYLove
monzeralasad@yahoo.com:ABOUSAIF-1966
monzeralasad@yahoo.com:ABOUSAIF-1966
true2few@gmx.com:Skyballer4545
vitoria20178@icloud.com:vItoria2017
pausenao@hotmail.com:9934181418
7abib369@gmail.com:wWjnIqMYQ8i_H5Z
7abib369@gmail.com:wWjnIqMYQ8i_H5Z
dimpsem@yahoo.com:dimitris06
delux5201@gmail.com:Yonyon12!
youssef.hany22@yahoo.com:youssef2003
angelplus_blood@hotmail.com:nosferatu
aboijohn26@gmail.com:mikoyan111
aaron_lopez31@hotmail.com:lagransangre
ashurcov@gmail.com:rockforever
lolairis2@hotmail.com:lolayfigo20
pipattaya.siri@gulf.co.th:Loverboy#1112
garciahelio17@gmail.com:76188803
chrystyelen@gmail.com:120204
pabloluizmatos@hotmail.com:Papaichico310
patfelix.g@gmail.com:230742ju
luisleguiam@gmail.com:Luis2019
lleguiam002@gmail.com:Luis2320@
anis.s.boumaiza@gmail.com:sanahobi1
facu_cacu910@hotmail.com:F4CUM4NCUSO
facu_cacu910@hotmail.com:F4CUM4NCUSO
khaled3mr@hotmail.com:kh20101969A
khaled3mr@hotmail.com:kh20101969A
jargaaleksinac@gmail.com:Jargoslav123
lmrivka@hotmail.com:%luis%0000
brandorizzo@yahoo.com.br:211301br
secki71@yahoo.fr:khalilpicture
pockies_melon@hotmail.com:028132331
pockies_melon@hotmail.com:028132331
brandorizzo@yahoo.com.br:211301br
pockies_melon@hotmail.com:028132331
pockies_melon@hotmail.com:028132331
rey_hammer07@hotmail.com:sihirbaz07
alisala@gmail.com:asdafasdas
pyasveer@gmail.com:livebox
pyasveer@gmail.com:livebox
isasg08112003@outlook.com:alexandra0820
isasg08112003@outlook.com:alexandra0820
srdjankany@hotmail.com:kanydaglis
thewarzmazzi@Hotmail.com:Hot1qsdw2
thewarzmazzi@hotmail.com:V27027996
thewarzmazzi@hotmail.com:Positivo2@
alisala@gmail.com:asdafasdas
rey_hammer07@hotmail.com:sihirbaz07
arq.GCarmonac@outlook.com:gaby1905
bgenyk@gmail.com:Bgnk_7_Adm_Ctrl
ique96@yahoo.com.br:Ike@9690
ainzedamanga987@gmail.com:98922398
arq.GCarmonac@outlook.com:gaby1905
andresinluarca@gmail.com:CARTASMAGIC1
juanwillian87@hotmail.com:juana87750027
aisyabdullah326@gmail.com:missabdullah
hongvan291064@gmail.com:0904823678
juanwillian87@hotmail.com:juana87750027
alisala@gmail.com:asdafasdas
feruza-malikova@mail.ru:fm+22+23
shillyz.aye1@hotmail.com:shillyzaye8946
shillyz.aye1@hotmail.com:shillyzaye8946
hongvan291064@gmail.com:0904823678
ique96@yahoo.com.br:Ike@9690
ainzedamanga987@gmail.com:98922398
alisala@gmail.com:asdafasdas
shillyz.aye1@hotmail.com:shillyzaye8946
shillyz.aye1@hotmail.com:shillyzaye8946
arnaldo.gutierrez@outlook.com:Meryang2
arjogumo1672@gmail.com:nano1972
meloylv@gmail.com:@juEvEs#007357
maneav92@gmail.com:BIRou@
carlosregional285@gmail.com:ABISMO2275
carlosregional285@gmail.com:ABISMO2275
carlosregional285@gmail.com:Venezu1*
mohamed_msc_1986@yahoo.com:318647mmmmmm
phanthong5417@gmail.com:068416413
bilgi@cardinal.com.tr:25islam25
gunaybasar07@gmail.com:abft12349498
shadow619makara@gmail.com:rage619iram
john.vianelo@hotmail.com:john09062912
juanwillian87@hotmail.com:juana87750027
shillyz.aye1@hotmail.com:shillyzaye8946
shillyz.aye1@hotmail.com:shillyzaye8946
phanthong5417@gmail.com:068416413
pockies_melon@hotmail.com:028132331
pockies_melon@hotmail.com:028132331
hongvan291064@gmail.com:0904823678
shillyz.aye1@hotmail.com:shillyzaye8946
shillyz.aye1@hotmail.com:shillyzaye8946
phanthong5417@gmail.com:068416413
pockies_melon@hotmail.com:028132331
pockies_melon@hotmail.com:028132331
hongvan291064@gmail.com:0904823678
shillyz.aye1@hotmail.com:shillyzaye8946
shillyz.aye1@hotmail.com:shillyzaye8946
phanthong5417@gmail.com:068416413
pockies_melon@hotmail.com:028132331
pockies_melon@hotmail.com:028132331
hongvan291064@gmail.com:0904823678
fabiorock109@hotmail.com:FABIOrockCRUZEIRO2019
dinotommy@gmail.com:caty1011
imansillaperalta@gmail.com:susikili
raomidibus@hotmail.com:Raf542023.*
jnperkins12@gmail.com:cjd092409
brisachvz5455@gmail.com:DUThteMV2004
rickbrown0979@gmail.com:C2)r!wStt?JS#@)
and.manente@bol.com.br:matheus2304
sergios59@uol.com.br:gata60
sergios59@uol.com.br:gata60
sergios59@uol.com.br:gata60
mercedes_7@windowslive.com:123456
davidsebastian.98@gmail.com:david.98
carancho-car@hotmail.com:2400.240...
automat@rborrell.com:violeta1
davidsebastian.98@gmail.com:david.98
farihanrashid3@gmail.com:wuffy1838
scareee2@gmail.com:Ahmedabc9
hiddeninthewoods@gmail.com:lupalukoi83
jpabgarcia89@hotmail.com:peqqueejpg89
impossiblee_13@abv.bg:inanikolova
dedehendriono@gmail.com:505med
viragboglarka@freemail.hu:20020524
null_ata@hotmail.com:videck0
hpkazim@gmail.com:12345678910kazim
eduardolegarda@live.com.mx:eduleg32
naygranger@gmail.com:hogwarts2013
klaus0202@yahoo.cm:1206201M
dmmi21@hotmail.com:q1w2e3
tobias_paasch@gmx.de:vergessen1
sami1910@outlook.de:Obssoltau2023!
rey_hammer07@hotmail.com:tattooartist07.
rey_hammer07@hotmail.com:tattooartist07.
tobias_paasch@gmx.de:vergessen1
tobias_paasch@gmx.de:vergessen1
cedric.cambi.fr@gmail.com:cece05102009
cedric.cambi.fr@gmail.com:cece2009
dolareuro15.31@gmail.com:10584029144m.
mehmetemin5261.celenk@gmail.com:10584029144Mm.
mirabete.ronald@gmail.com:9VDKF3EM
ing.mpereira@hotmail.com:Mg5a_2002.01
ing.mpereira@hotmail.com:Mg5a_2002.01
rubensfc@hotmail.com:A5C0B*66
dolareuro15.31@gmail.com:10584029144m.
mehmetemin5261.celenk@gmail.com:10584029144Mm.
xamoozoffi@gmail.com:20081607Lw/
zseapublique@gmail.com:20081607Lw/
ing.mpereira@hotmail.com:Mg5a_2002.01
johnym11623@gmail.com:johnym123
roudter@gmail.com:etc8011.
thales.meirinho@gmail.com:Meuempresario@1
Khunnoonpha@gmail.com:NNNOWM5T!k@!pTE
franco.ale241999@gmail.com:41593713241999
alikmiankoliid@gmail.com:00iaaptmho
mors7726@gmail.com:Prince
jusdef@hotmail.com:Philly69
suj4rw0k0@yahoo.com:B1sm1ll4h
raphaelrodrigox@gmail.com:1raphael
kevin75090@gmail.com:quicklane23
murciajujumateus@gmail.com:Familiamurcia6
erickorigeoficial@gmail.com:erickorige280220
mostafalemo68@yahoo.com:01196696
mostafalemo68@yahoo.com:01196696
mostafalemo68@yahoo.com:01196696
mostafalemo68@yahoo.com:01196696
mostafalemo68@yahoo.com:01196696
mostafalemo68@yahoo.com:01196696
mostafalemo68@yahoo.com:01196696
mostafalemo68@yahoo.com:01196696
alikmiankoliid@gmail.com:00iaaptmho
mors7726@gmail.com:Prince
jusdef@hotmail.com:Philly69
suj4rw0k0@yahoo.com:B1sm1ll4h
raphaelrodrigox@gmail.com:1raphael
kevin75090@gmail.com:quicklane23
mimiamr183@gmail.com:shinpassword2379
mimiamr183@gmail.com:shinpassword2379
sardar.zilam198@gmail.com:SardaR@12M
protattooist@gmail.com:gerards1965oscar
erikfer_169@hotmail.com:feer_1406
erikfer_169@hotmail.com:feer_169
erikfer_169@hotmail.com:feer_1406
erikfer_169@hotmail.com:feer_169
aziz2030@gmail.com:winter
aziz2030@gmail.com:winter
mumu_tarn@hotmail.com:024581601
mumu_tarn@hotmail.com:024581601
jlds610@gmail.com:Jamesds13
ivanho1308@gmail.com:ivanhoinstagram
leannelixin3011@gmail.com:chewbibi66
kaple28@gmail.com:krtot20
kaple28@gmail.com:krtot20
sohail667@gmail.com:4933588
both_cs24@hotmail.com:porra123456
rey_hammer07@hotmail.com:tattooartist07.
rey_hammer07@hotmail.com:tattooartist07.
cleverson-marinho@outlook.com:Sherek@1980
isasg08112003@outlook.com:alexandra0820
isasg08112003@outlook.com:alexandra0820
taynicov@mail.ru:1234323251518030Valuta7854560
metinbasturk@hotmail.com:bas0571turk
maksgalshuk@gmail.com:90
tiagomemac@gmail.com:Caleti03!!
tiagomemac@gmail.com:Caleti03!!
tiagomemac@gmail.com:Caleti03!!
tiagomemac@gmail.com:Caleti03!!
sananeallaalla0@gmail.com:sanane2007.
tiagomemac@gmail.com:353632
tiagomemac@gmail.com:353632
yunusms@gmail.com:hotpepper
hagumara0@gmail.com:PTTN$$12100
hagumara0@gmail.com:PTTN$$12100
ninja_warrior5087@yahoo.com.my:naka930323
ninja_warrior5087@yahoo.com.my:naka930323
roshanmazz69@gmail.com:kevinsmith16
mhmed777@gmail.com:822822ss
alanpeidro@yahoo.es:denanonino45
nigelfer11@hotmail.com:skate1194
Maya040627@gmail.com:931864
mohdaizzat19@gmail.com:92092911ia
jandiralukenia_9@hotmail.com:Nunoantunes23
ashedaa12@yahoo.com:pakistan1234
marcoos.rosadsilva@gmail.com:Doido45@
alihangunes55@gmail.com:bkaol1453.
alihangunes55@gmail.com:bkaol1453.
carlosvirgo93@hotmail.com:tigreton08
Ann9102@mail.ru:753357
nizhegorodov.roman@yandex.ru:Nizhegorodov1991
Ann9102@mail.ru:753357
nizhegorodov.roman@yandex.ru:Nizhegorodov1991
djbroski321@gmail.com:Sewpersaud02
djbroski321@gmail.com:Sewpersaud02
sadullah2376@windowslive.com:sadullahbastaci
nguyenducvinhst@gmail.com:197920072012
jentel_s2006@hotmail.com:ali1397u
jentel_s2006@hotmail.com:ali1397u
x-bin10@hotmail.com:roro.12345
go_fcpys@hotmail.com:beatless
dbagus.cahyo@gmail.com:zc550klkenzo251119
go_fcpys@hotmail.com:beatless
evertom_18_2010@hotmail.com:@evertom17051993
evertom_18_2010@hotmail.com:@evertom17051993
t21muratagamer@gmail.com:tom17051993
shaheen1777@yahoo.com:20031511
shaheen1777@yahoo.com:20031511
helio_neto2006@hotmail.com:@elektro140353
metin2-pt@live.com:4132024
metin2-pt@live.com:4132024
metin2-pt@live.com:4132024
mustafebislimi@gmail.com:Kosova1!
suchi@hotmail.my:gokaolah
memo.mos30@gmail.com:mariam31
memo.mos30@gmail.com:mariam31
memo.mos30@gmail.com:mariam31
memo.mos30@gmail.com:mariam31
memo.mos30@gmail.com:mariam31
memo.mos30@gmail.com:mariam31
zakyaly50@gmail.com:MaRaSp@269173
Adrianluna88@live.com:Ilyanna27
solowing_socom@yahoo.com:solowing87
luan-assistencia@hotmail.com:jsluas908715
luan-assistencia@hotmail.com:jsluas908715
albertg03@hotmail.com:2015273043
albertg03@hotmail.com:2015273043
alonso@alcasa.com.br:juh123
polskakrowa12@gmail.com:marek123
fdocarcamo@gmail.com:efcl120316
danasuve@gmail.com:88Veemonsayank
ABDULRHMAN.ALDOSIRY@OUTLOOK.COM:AAss@@00
matteoteamo21@gmail.com:barriojulio23@
matteoteamo21@gmail.com:barriojulio23@
ferhatak@hotmail.com:fb89756423
ferhatak@hotmail.com:fb89756423
ercansener@gmail.com:annem
lilylaffitte974@gmail.com:123voilalesK3
alvaroferneyfllrezrico@gamail.com:ul2NHF-CFMbMmJ2
angierrys@gmail.com:seguraA78@
eminebrtnmercan@gmail.com:1E2m3i4n5Ebrtnemine
angierrys@gmail.com:seguraA78@
angierrys@gmail.com:seguraA78@
nerminemagdi@gmail.com:01202752945
nerminemagdi@gmail.com:01202752945
zakyaly50@gmail.com:MaRaSp@269173
Pranaybagde132@gmail.com:@E2d8YyM%XEdp
wondimusamuel@gmail.com:wondimu1234samuel@herano
nihaldadkhan@yahoo.com:thegame242
nihaldadkhan@yahoo.com:thegame242
nihaldadkhan@yahoo.com:thegame242
neetisingh.net@gmail.com:yashwant_2283
yashwant009@gmail.com:yashwant_2283
nihaldadkhan@yahoo.com:thegame242
nihaldadkhan@yahoo.com:thegame242
nihaldadkhan@yahoo.com:thegame242
stevenqb84@gmail.com:333666123456
stevenqb84@gmail.com:333666123456
fermin957@gmail.com:ferminfermin
ozielferreira2@hotmail.com:marcos2010
silima0410@hotmail.com:13102012ray
hunsa14@hotmail.com:044312288
bruno.uzumaki.silva@gmail.com:anime123456789
danneyf@gmail.com:holyfire00
kleberdalbuquerque@gmail.com:10182429
wirahadi.a@gmail.com:maret84
bdawg_usa17@msn.com:hopper1
dsfaizzz@gmail.com:Dsfaizzz1995
punkroxa@gmail.com:destiny77
sherif.shakaria@gmail.com:olliolli
fvbill@gmail.com:@Fv13161922
a.lasala_al@libero.it:lasala28061986
julia290992@rambler.ru:shushpanchik28121966
lordnab1965@gmail.com:hanifa100
tigerjumjim@gmail.com:20566944
fvzoksuz@hotmail.com:132537597184
ezzio.2112@gmail.com:Jefe117RCA
olegzait85@gmail.com:Oleg3221
a0919793264@gmail.com:boos4432
francisco@aeslemez.es:Aeslemez09
giannivalerio20@gmail.com:Pvlr57rt@
juanboero@outlook.com:GuillermoE1258369*
juanboero@outlook.com:GuillermoE1258369*
santykatty28@hotmail.com:kattyteamo
teerawat4910652@hotmail.com:029849586
danbambridge@outlook.com:falklands40
roblesk054@gmail.com:kjrd8134
jebiot@gmail.com:#$/ВїcoNociApepA/_\[25demaYo]dE1991?/#!ВЎ
eslam.massoud84@gmail.com:eslam_0114180634
klub.isenor@gmail.com:253522
armando.y@t-proyecto.com:Syjv_BHHqPRN5WY
pparaskevopoulos1@gmail.com:01p072009WI
mhalexandri@gmail.com:01p072009
mhalexandri@gmail.com:06mha031969
trement@hotmail.es:22222222
ashurcov@gmail.com:rockforever
s-la-s@hotmail.com:159753
shadowwoman95@yahoo.com:semosema
tucciomatt@gmail.com:youngtucc
eslam.massoud84@gmail.com:eslamÃÂÃÂ²ÃÂÃÂÃÂ¢ÃÂÃÂ01141806344
eslam.massoud84@gmail.com:eslam_0114180634
cdanielabreo@gmail.com:lolbot05
ahmed2tec@gmail.com:ahmed031263
sicaathan@yahoo.com:BrucejSept25
alacrangel44@gmail.com:mal7980amen
barvaritamagica@gmail.com:123qwert
gracearizbeth@gmail.com:JORGEAVALOS33
gracearizbeth@gmail.com:pastelito26
EAmanuel74@gmail.com:lukaryo1995
tis_no@yahoo.com:TIESNO
razeky25@gmail.com:ghe.ghe.
akhil.gpt333@gmail.com:library@5930220
desireeh2009@yahoo.com:6464556
audiv8q@yahoo.com:AnneMette2020
huaysay@hotmail.com:huaysay2733
ioannislion55@gmail.com:panayiotis2012
thilaksha9@live.com:41420233
syed_imran221@yahoo.com:panda221
djigorianu@yahoo.com:ciomaga1
chantalloo@hotmail.com:Leilloo69
thi.cheruti@gmail.com:rapazcomum
ezra_sullivan2007@yahoo.com:imjustakid
maxy.d.punta@gmail.com:15458065d
darrylransaw731@gmail.com:illusion
scatman102090@gmail.com:Signet102090
pvrossum@hotmail.com:1muis@
mgb_enriquez@yahoo.com:tyrone
kasun.yumal@gmail.com:Enter1280
geekinside@hotmail.fr:pleymo
nazmi.temerloh@gmail.com:mie5055
yigitalpsoysal@gmail.com:soysal008
nikitine2@hotmail.com:u868j3wr
lucapizzin3@gmail.com:lucacareni
cassiorodrigolima@gmail.com:Iuqvi5960
budiprasetya@gmail.com:khoomis1971
hegeae@hotmail.com:emoll3
boysieuda@gmail.com:Quyxatang1!
hector22484@live.com:zakumi
pavle.perkovic@facebook.com:pakiipeki
aladdinonly@hotmail.com:loloonly1313
www.tammateepo@gmail.com:28072522
bp30520@gmail.com:bncc550458
dankim1003@gmail.com:alsrbTM0908
mdsomsak@hotmail.com:sadanunsadayutsak
amymwhalen@yahoo.com:57685768Bj!
richardmcano@gmail.com:rmc66681
pirajax@gmail.com:jujugax
gabrielvd@unochapeco.edu.br:daniela13
erandirmelo@gmail.com:casbm193@
nufon2541@hotmail.com:8931407
njouard@gmail.com:Espiet33
pasztorabel209@gmail.com:P4szt0r4b3l109@
nanipasta@yahoo.com:Ibrahim3346
ZZOKZZ@GMAIL.COM:S23232323m
zzokzz@gmail.com:2323s2323
zzokzz@gmail.com:S12121212m
babynext.mx@gmail.com:U5quYlL9{zd^
babynext.mx@gmail.com:U5quYlL9{zd^
latreece.atkinson@outlook.com:memyselfi77
omyone30@gmail.com:Ichigo30!
aseel.we.am@gmail.com:3borab7bk
vishal.karmakar@outlook.com:Bassist@5590
djokod810@gmail.com:purwaningtyas
bandakrakesdoforro@gmail.com:2318janne
hermanlopez967@gmail.com:18-junio-1989
k0unter@yandex.ru:daneksokol007
LeskyAvril@aetna.com:He8j159P6pmJtO
muhmmdtrq@outlook.com:P_zGgMSEe5XwFt4
piyawat_phasuk@hotmail.com:06042531
JohnsrudAnaliese@coca-cola.com:qGU9yTqK8
RetzlaffJacinta@marathonpetroleum.com:PoJDC116n2
eslam.massoud84@gmail.com:eslam_0114180634
AllisDeane@hersheys.com:4fVKzL9M
Katha.Steinerkert@yahoo.com:CJpDYjgGbsheqg
lauri19mislata@hotmail.com:lauraserrano
lauri19mislata@gmail.com:lauras4042001
luan-assistencia@hotmail.com:jsluas908715
samia.98@hotmail.com:jean98
leolacintra@gmail.com:L@cintra2020
hpkazim@gmail.com:12345678910kazim
boomneverdies@gmail.com:d015300193
boomneverdies@gmail.com:00290029
ghazijenaid@hotmail.com:Ghh@@$$1071964
fatimaanika297@gmail.com:rakiba@321
nabil.mohamed754@yahoo.com:Aa01111636377
etzazu@hotmail.com:RealSociedad2018
jebiot@gmail.com:#$/ВїcoNociApepA/_\[25demaYo]dE1991?/#!ВЎ
nichus6ytb@gmail.com:canela25
darwin_garcia95@hotmail.com:darwin15
teamanestar@gmail.com:03t06ea222222
giovanna.rdl86@libero.it:RDL1986gnn
eypreal18@gmail.com:Althea21
nikola.bondzic@outlook.com:Medicinskifakultet1995
pond_0079@hotmail.com:0848581242
soidmagnum@gmail.com:kkgnet48
davidgahem@hotmail.com:158KiW78p
cranksean0@gmail.com:ILoveLeah1981!
hermanlopez967@gmail.com:18-junio-1989
k0unter@yandex.ru:daneksokol007
LeskyAvril@aetna.com:He8j159P6pmJtO
muhmmdtrq@outlook.com:P_zGgMSEe5XwFt4
piyawat_phasuk@hotmail.com:06042531
JohnsrudAnaliese@coca-cola.com:qGU9yTqK8
RetzlaffJacinta@marathonpetroleum.com:PoJDC116n2
eslam.massoud84@gmail.com:eslam_0114180634
AllisDeane@hersheys.com:4fVKzL9M
Katha.Steinerkert@yahoo.com:CJpDYjgGbsheqg
lauri19mislata@hotmail.com:lauraserrano
lauri19mislata@gmail.com:lauras4042001
Kicsitibi10@gmail.com:Samsunga702003
tobias_paasch@gmx.de:vergessen1
tobias_paasch@gmx.de:vergessen1
xamoozoffi@gmail.com:20081607Lw/
zseapublique@gmail.com:20081607Lw/
eduardoaugusto757@gmail.com:mecrio
kevincopigna@gmail.com:meli2010@
kevincopigna@gmail.com:meli2010@
janiomaria@gmail.com:_hO251TGJ-7YjywqETpnJA
fatihayhan@windowslive.com:Fatih008354*
fvzoksuz@hotmail.com:132537597184
fvzoksuz@hotmail.com:132537597184
arafique@hotmail.com:dattapara60
arafique@hotmail.com:dattapara60
composturas@rubioyroldan.com:quela1971
raquel@rubioyroldan.com:quelaruyro
info@rubioyroldan.com:quela1971
composturas@rubioyroldan.com:quela1971
info@rubioyroldan.com:quela1971
info@rubioyroldan.com:quela1971
composturas@rubioyroldan.com:quela1971
raquel@rubioyroldan.com:quelaruyro
composturas@rubioyroldan.com:quela1971
info@rubioyroldan.com:quela1971
info@rubioyroldan.com:quela1971
raquel@rubioyroldan.com:quelaruyro
composturas@rubioyroldan.com:quela1971
composturas@rubioyroldan.com:quela1971
info@rubioyroldan.com:quela1971
mimiamr183@gmail.com:shinpassword2379
mimiamr183@gmail.com:shinpassword2379
masmoudi_ka@hotmail.com:Lesnomadesuser@1969mimi
masmoudi_ka@hotmail.com:Lesnomadesuser@1969mimi
rey_hammer07@hotmail.com:sihirbaz07
rey_hammer07@hotmail.com:27.TURhan27
shadow619makara@gmail.com:rage619iram
rey_hammer07@hotmail.com:tattooartist07.
rey_hammer07@hotmail.com:tattooartist07.
li.chimei@gmail.com:dino620201
li.chimei@gmail.com:dino620201
null_ata@hotmail.com:videck0
null_ata@hotmail.com:videck0
null_ata@hotmail.com:videck0
glauci28@hotmail.com:167802,
scareee2@gmail.com:Ahmedabc9
gabrielelgallo@gmail.com:201276201276
gabrielelgallo@gmail.com:201276201276
sonuprasanth61@gmail.com:ravisonu
bahitman9999@aol.com:brandon5
bahitman9999@aol.com:brandon5
benzo390@yahoo.com:390b3nny
benzo390@yahoo.com:390b3nny
rosepinto3332@gmail.com:kamilly3332
eslam.massoud84@gmail.com:eslam_0114180634
razasaddozai@hotmail.com:ARK25021981SB
paulnicholaus2@gmail.com:16111992
paulnicholaus2@gmail.com:16111992
moises.bandeira@yahoo.com.br:Julinha@2005!
fmmichaelnirschl@gmx.at:Gerlinde212??
fmmichaelnirschl@gmx.at:Gerlinde212??
fmmichaelnirschl@gmx.at:Gerlinde212??
fmmichaelnirschl@gmx.at:Gerlinde212??
fmmichaelnirschl@gmx.at:Gerlinde212??
david_por_2009@yahoo.com:davidmrmr
david_por_2009@yahoo.com:davidmrmr
furia3000@hotmail.com:chuchinbarrios
furia3000@hotmail.com:4958953djbc
furia3000@hotmail.com:4958953djbc
soldermaewza@gmail.com:Aoomaoom99
jesty07@hotmail.com:arielsalas0730
jazarcomartin@gmail.com:antoniozarco41
and.manente@bol.com.br:matheus2304
sergios59@uol.com.br:gata60
sergios59@uol.com.br:gata60
sergios59@uol.com.br:gata60
matheus.batistaa@gmail.com:matheus26
albertoantonio1977@gmail.com:hernandez77
albertomario7719@gmail.com:Atlantico2018
decherradi@gmail.com:Dino99Eddine052499
gfuengfu@gmail.com:KrisFueng
mobilography2@gmail.com:k!MfqU!52vtnXsi
sougatasau3@outlook.com:Asdfghjkl143@
bekonoastrid@gmail.com:Bekast96
k0unter@yandex.ru:daneksokol007
best.pipat@gmail.com:085123
best.pipat@gmail.com:085123
best.pipat@gmail.com:085123
Burnett.Lois@yahoo.com:Leshawn97842ioul428
opinali@gmail.com:olivaw
opinali@gmail.com:olivaw
jcbellisimainteriors@gmail.com:Aerosmith5306#
motaz.dwiek@gmail.com:K@123456
motaz.dwiek@gmail.com:K@123456
klis_berlanda@hotmail.com:21092009
flaviastrutz@gmail.com:f010101
ricardo_wuoh@yahoo.com.br:r20091989
ricardo_wuoh@yahoo.com.br:r20091989
motaz.dwiek@gmail.com:K@123456
motaz.dwiek@gmail.com:K@123456
flaviastrutz@gmail.com:f010101
jacircorrea740@gmail.com:blatt740jeferson
jacircorrea740@gmail.com:blatt740jeferson
abdullahjuma143@gmail.com:Abdullah12345
abdullahjuma143@gmail.com:Abdullah12345
speaker7599@yahoo.com:aih111
bleu.diamant21@gmail.com:123456Abc@@
rosepinto3332@gmail.com:kamilly3332
llblucaslima4@gmail.com:16046645760
zik.silva@hotmail.com:nolimite
panukurama@gamil.com:123456789za
laurafvita@hotmail.com:laura123
laurafvita@hotmail.com:laura123
julianovita@hotmail.com:laura2004
komap47521@ippals.com:192.168.0.1
asmitsingh0724@gmail.com:AUP.K37nWjw.
komap47521@ippals.com:192.168.0.1
asmitsingh0724@gmail.com:AUP.K37nWjw.
chrisdbgt@live.com:chrstngp
chrisdbgt@live.com:chrstngp
escritordehistoriasmagicas@gmail.com:AlfaNexus@@@123
carloseduardo2015.1@gmail.com:My@Zth1@
escritordehistoriasmagicas@gmail.com:AlfaNexus@@@123
carloseduardo2015.1@gmail.com:My@Zth1@
valizeu@gmail.com:Costica25
jentel_s2006@hotmail.com:some0536891448
jentel_s2006@hotmail.com:some0536891448
erickjosuereyesavalos@gmail.com:Zeus21032000Erick
erickjosuereyesavalos@gmail.com:Zeus21032000Erick
aroma_pongpang@hotmail.com:chiangraiunited
aroma_pongpang@hotmail.com:chiangraiunited
apsolute555@gmail.com:admin2008
junon924@gmail.com:w-inds.0314
junon924@gmail.com:w-inds.0314
junon924@gmail.com:w-inds.0314
junon924@gmail.com:w1984211
junon924@gmail.com:w-inds.0314
junon924@gmail.com:w1984211
MCavalier@PlannedCompanies.com:G24oodis
MCavalier@PlannedCompanies.com:G24oodis
tburchard4@gmail.com:[UNKNOWN
tburchard4@gmail.com:[UNKNOWN
parsrebel@gmail.com:Hut85233
parsrebel@gmail.com:Hut85233
